#-----------------------------------------------------------
# Vivado v2021.1 (64-bit)
# SW Build 3247384 on Thu Jun 10 19:36:07 MDT 2021
# IP Build 3246043 on Fri Jun 11 00:30:35 MDT 2021
# Start of session at: Thu Jun 15 15:58:54 2023
# Process ID: 168186
# Current directory: /nfs_home/rliston/andromeda/sandbox/rliston/quant/vivado
# Command line: vivado -log foo.log -mode tcl -source foo.tcl
# Log file: /nfs_home/rliston/andromeda/sandbox/rliston/quant/vivado/foo.log
# Journal file: /nfs_home/rliston/andromeda/sandbox/rliston/quant/vivado/vivado.jou
#-----------------------------------------------------------
source foo.tcl
# read_verilog -sv foo.v
# synth_design -top rams_sp_rom_1 
Command: synth_design -top rams_sp_rom_1
Starting synth_design
Using part: xc7vx485tffg1157-1
Attempting to get a license for feature 'Synthesis' and/or device 'xc7vx485t'
INFO: [Common 17-349] Got license for feature 'Synthesis' and/or device 'xc7vx485t'
INFO: [Common 17-1540] The version limit for your license is '2023.01' and has expired for new software. A version limit expiration means that, although you may be able to continue to use the current version of tools or IP with this license, you will not be eligible for any updates or new releases.
INFO: [Synth 8-7079] Multithreading enabled for synth_design using a maximum of 4 processes.
INFO: [Synth 8-7078] Launching helper process for spawning children vivado processes
INFO: [Synth 8-7075] Helper process launched with PID 168224
---------------------------------------------------------------------------------
Starting Synthesize : Time (s): cpu = 00:00:02 ; elapsed = 00:00:03 . Memory (MB): peak = 2631.152 ; gain = 0.000 ; free physical = 2681 ; free virtual = 31200
---------------------------------------------------------------------------------
INFO: [Synth 8-6157] synthesizing module 'rams_sp_rom_1' [/nfs_home/rliston/andromeda/sandbox/rliston/quant/vivado/foo.v:4]
INFO: [Synth 8-6155] done synthesizing module 'rams_sp_rom_1' (1#1) [/nfs_home/rliston/andromeda/sandbox/rliston/quant/vivado/foo.v:4]
---------------------------------------------------------------------------------
Finished Synthesize : Time (s): cpu = 00:00:03 ; elapsed = 00:00:04 . Memory (MB): peak = 2631.164 ; gain = 0.012 ; free physical = 2351 ; free virtual = 30870
---------------------------------------------------------------------------------
---------------------------------------------------------------------------------
Finished Constraint Validation : Time (s): cpu = 00:00:03 ; elapsed = 00:00:04 . Memory (MB): peak = 2631.164 ; gain = 0.012 ; free physical = 2344 ; free virtual = 30863
---------------------------------------------------------------------------------
---------------------------------------------------------------------------------
Start Loading Part and Timing Information
---------------------------------------------------------------------------------
Loading part: xc7vx485tffg1157-1
INFO: [Device 21-403] Loading part xc7vx485tffg1157-1
---------------------------------------------------------------------------------
Finished Loading Part and Timing Information : Time (s): cpu = 00:00:03 ; elapsed = 00:00:04 . Memory (MB): peak = 2639.160 ; gain = 8.008 ; free physical = 2342 ; free virtual = 30861
---------------------------------------------------------------------------------
---------------------------------------------------------------------------------
Finished RTL Optimization Phase 2 : Time (s): cpu = 00:00:03 ; elapsed = 00:00:04 . Memory (MB): peak = 2639.168 ; gain = 8.016 ; free physical = 2831 ; free virtual = 31351
---------------------------------------------------------------------------------
No constraint files found.
---------------------------------------------------------------------------------
Start RTL Component Statistics 
---------------------------------------------------------------------------------
Detailed RTL Component Info : 
+---Registers : 
	               20 Bit    Registers := 1     
+---ROMs : 
	                    ROMs := 1     
---------------------------------------------------------------------------------
Finished RTL Component Statistics 
---------------------------------------------------------------------------------
---------------------------------------------------------------------------------
Start Part Resource Summary
---------------------------------------------------------------------------------
Part Resources:
DSPs: 2800 (col length:140)
BRAMs: 2060 (col length: RAMB18 140 RAMB36 70)
---------------------------------------------------------------------------------
Finished Part Resource Summary
---------------------------------------------------------------------------------
No constraint files found.
---------------------------------------------------------------------------------
Start Cross Boundary and Area Optimization
---------------------------------------------------------------------------------
---------------------------------------------------------------------------------
Finished Cross Boundary and Area Optimization : Time (s): cpu = 00:00:11 ; elapsed = 00:00:17 . Memory (MB): peak = 2639.168 ; gain = 8.016 ; free physical = 2820 ; free virtual = 31342
---------------------------------------------------------------------------------
No constraint files found.
---------------------------------------------------------------------------------
Start Timing Optimization
---------------------------------------------------------------------------------
---------------------------------------------------------------------------------
Finished Timing Optimization : Time (s): cpu = 00:00:11 ; elapsed = 00:00:17 . Memory (MB): peak = 2639.168 ; gain = 8.016 ; free physical = 2818 ; free virtual = 31340
---------------------------------------------------------------------------------
---------------------------------------------------------------------------------
Start Technology Mapping
---------------------------------------------------------------------------------
INFO: [Synth 8-7052] The timing for the instance data_reg (implemented as a Block RAM) might be sub-optimal as no optional output register could be merged into the ram block. Providing additional output register may help in improving timing.
INFO: [Synth 8-7052] The timing for the instance data_reg (implemented as a Block RAM) might be sub-optimal as no optional output register could be merged into the ram block. Providing additional output register may help in improving timing.
---------------------------------------------------------------------------------
Finished Technology Mapping : Time (s): cpu = 00:00:11 ; elapsed = 00:00:17 . Memory (MB): peak = 2639.168 ; gain = 8.016 ; free physical = 2818 ; free virtual = 31340
---------------------------------------------------------------------------------
---------------------------------------------------------------------------------
Start IO Insertion
---------------------------------------------------------------------------------
---------------------------------------------------------------------------------
Start Flattening Before IO Insertion
---------------------------------------------------------------------------------
---------------------------------------------------------------------------------
Finished Flattening Before IO Insertion
---------------------------------------------------------------------------------
---------------------------------------------------------------------------------
Start Final Netlist Cleanup
---------------------------------------------------------------------------------
---------------------------------------------------------------------------------
Finished Final Netlist Cleanup
---------------------------------------------------------------------------------
---------------------------------------------------------------------------------
Finished IO Insertion : Time (s): cpu = 00:00:13 ; elapsed = 00:00:19 . Memory (MB): peak = 2639.168 ; gain = 8.016 ; free physical = 2818 ; free virtual = 31340
---------------------------------------------------------------------------------
---------------------------------------------------------------------------------
Start Renaming Generated Instances
---------------------------------------------------------------------------------
---------------------------------------------------------------------------------
Finished Renaming Generated Instances : Time (s): cpu = 00:00:13 ; elapsed = 00:00:19 . Memory (MB): peak = 2639.168 ; gain = 8.016 ; free physical = 2818 ; free virtual = 31340
---------------------------------------------------------------------------------
---------------------------------------------------------------------------------
Start Rebuilding User Hierarchy
---------------------------------------------------------------------------------
---------------------------------------------------------------------------------
Finished Rebuilding User Hierarchy : Time (s): cpu = 00:00:13 ; elapsed = 00:00:19 . Memory (MB): peak = 2639.168 ; gain = 8.016 ; free physical = 2818 ; free virtual = 31340
---------------------------------------------------------------------------------
---------------------------------------------------------------------------------
Start Renaming Generated Ports
---------------------------------------------------------------------------------
---------------------------------------------------------------------------------
Finished Renaming Generated Ports : Time (s): cpu = 00:00:13 ; elapsed = 00:00:19 . Memory (MB): peak = 2639.168 ; gain = 8.016 ; free physical = 2818 ; free virtual = 31340
---------------------------------------------------------------------------------
---------------------------------------------------------------------------------
Start Handling Custom Attributes
---------------------------------------------------------------------------------
---------------------------------------------------------------------------------
Finished Handling Custom Attributes : Time (s): cpu = 00:00:13 ; elapsed = 00:00:19 . Memory (MB): peak = 2639.168 ; gain = 8.016 ; free physical = 2818 ; free virtual = 31340
---------------------------------------------------------------------------------
---------------------------------------------------------------------------------
Start Renaming Generated Nets
---------------------------------------------------------------------------------
---------------------------------------------------------------------------------
Finished Renaming Generated Nets : Time (s): cpu = 00:00:13 ; elapsed = 00:00:19 . Memory (MB): peak = 2639.168 ; gain = 8.016 ; free physical = 2818 ; free virtual = 31340
---------------------------------------------------------------------------------
---------------------------------------------------------------------------------
Start Writing Synthesis Report
---------------------------------------------------------------------------------

Report BlackBoxes: 
+-+--------------+----------+
| |BlackBox name |Instances |
+-+--------------+----------+
+-+--------------+----------+

Report Cell Usage: 
+------+---------+------+
|      |Cell     |Count |
+------+---------+------+
|1     |BUFG     |     1|
|2     |RAMB18E1 |     1|
|3     |IBUF     |     8|
|4     |OBUF     |    20|
+------+---------+------+

Report Instance Areas: 
+------+---------+-------+------+
|      |Instance |Module |Cells |
+------+---------+-------+------+
|1     |top      |       |    30|
+------+---------+-------+------+
---------------------------------------------------------------------------------
Finished Writing Synthesis Report : Time (s): cpu = 00:00:13 ; elapsed = 00:00:19 . Memory (MB): peak = 2639.168 ; gain = 8.016 ; free physical = 2818 ; free virtual = 31340
---------------------------------------------------------------------------------
Synthesis finished with 0 errors, 0 critical warnings and 0 warnings.
Synthesis Optimization Runtime : Time (s): cpu = 00:00:13 ; elapsed = 00:00:19 . Memory (MB): peak = 2639.168 ; gain = 8.016 ; free physical = 2819 ; free virtual = 31341
Synthesis Optimization Complete : Time (s): cpu = 00:00:13 ; elapsed = 00:00:19 . Memory (MB): peak = 2639.168 ; gain = 8.016 ; free physical = 2819 ; free virtual = 31341
INFO: [Project 1-571] Translating synthesized netlist
Netlist sorting complete. Time (s): cpu = 00:00:00 ; elapsed = 00:00:00 . Memory (MB): peak = 2639.168 ; gain = 0.000 ; free physical = 2903 ; free virtual = 31425
INFO: [Netlist 29-17] Analyzing 1 Unisim elements for replacement
INFO: [Netlist 29-28] Unisim Transformation completed in 0 CPU seconds
INFO: [Project 1-570] Preparing netlist for logic optimization
INFO: [Opt 31-138] Pushed 0 inverter(s) to 0 load pin(s).
Netlist sorting complete. Time (s): cpu = 00:00:00 ; elapsed = 00:00:00 . Memory (MB): peak = 2639.168 ; gain = 0.000 ; free physical = 2802 ; free virtual = 31324
INFO: [Project 1-111] Unisim Transformation Summary:
No Unisim elements were transformed.

Synth Design complete, checksum: cb7731b1
INFO: [Common 17-83] Releasing license: Synthesis
17 Infos, 0 Warnings, 0 Critical Warnings and 0 Errors encountered.
synth_design completed successfully
synth_design: Time (s): cpu = 00:00:21 ; elapsed = 00:00:34 . Memory (MB): peak = 2639.168 ; gain = 16.016 ; free physical = 2944 ; free virtual = 31466
# report_utilization
Copyright 1986-2021 Xilinx, Inc. All Rights Reserved.
-------------------------------------------------------------------------------------------------------
| Tool Version : Vivado v.2021.1 (lin64) Build 3247384 Thu Jun 10 19:36:07 MDT 2021
| Date         : Thu Jun 15 15:59:40 2023
| Host         : uscomputefe1.rapidsiliconus.local running 64-bit CentOS Linux release 7.9.2009 (Core)
| Command      : report_utilization
| Design       : rams_sp_rom_1
| Device       : 7vx485tffg1157-1
| Design State : Synthesized
-------------------------------------------------------------------------------------------------------

Utilization Design Information

Table of Contents
-----------------
1. Slice Logic
1.1 Summary of Registers by Type
2. Memory
3. DSP
4. IO and GT Specific
5. Clocking
6. Specific Feature
7. Primitives
8. Black Boxes
9. Instantiated Netlists

1. Slice Logic
--------------

+-------------------------+------+-------+------------+-----------+-------+
|        Site Type        | Used | Fixed | Prohibited | Available | Util% |
+-------------------------+------+-------+------------+-----------+-------+
| Slice LUTs*             |    0 |     0 |          0 |    303600 |  0.00 |
|   LUT as Logic          |    0 |     0 |          0 |    303600 |  0.00 |
|   LUT as Memory         |    0 |     0 |          0 |    130800 |  0.00 |
| Slice Registers         |    0 |     0 |          0 |    607200 |  0.00 |
|   Register as Flip Flop |    0 |     0 |          0 |    607200 |  0.00 |
|   Register as Latch     |    0 |     0 |          0 |    607200 |  0.00 |
| F7 Muxes                |    0 |     0 |          0 |    151800 |  0.00 |
| F8 Muxes                |    0 |     0 |          0 |     75900 |  0.00 |
+-------------------------+------+-------+------------+-----------+-------+
* Warning! The Final LUT count, after physical optimizations and full implementation, is typically lower. Run opt_design after synthesis, if not already completed, for a more realistic count.


1.1 Summary of Registers by Type
--------------------------------

+-------+--------------+-------------+--------------+
| Total | Clock Enable | Synchronous | Asynchronous |
+-------+--------------+-------------+--------------+
| 0     |            _ |           - |            - |
| 0     |            _ |           - |          Set |
| 0     |            _ |           - |        Reset |
| 0     |            _ |         Set |            - |
| 0     |            _ |       Reset |            - |
| 0     |          Yes |           - |            - |
| 0     |          Yes |           - |          Set |
| 0     |          Yes |           - |        Reset |
| 0     |          Yes |         Set |            - |
| 0     |          Yes |       Reset |            - |
+-------+--------------+-------------+--------------+


2. Memory
---------

+-------------------+------+-------+------------+-----------+-------+
|     Site Type     | Used | Fixed | Prohibited | Available | Util% |
+-------------------+------+-------+------------+-----------+-------+
| Block RAM Tile    |  0.5 |     0 |          0 |      1030 |  0.05 |
|   RAMB36/FIFO*    |    0 |     0 |          0 |      1030 |  0.00 |
|   RAMB18          |    1 |     0 |          0 |      2060 |  0.05 |
|     RAMB18E1 only |    1 |       |            |           |       |
+-------------------+------+-------+------------+-----------+-------+
* Note: Each Block RAM Tile only has one FIFO logic available and therefore can accommodate only one FIFO36E1 or one FIFO18E1. However, if a FIFO18E1 occupies a Block RAM Tile, that tile can still accommodate a RAMB18E1


3. DSP
------

+-----------+------+-------+------------+-----------+-------+
| Site Type | Used | Fixed | Prohibited | Available | Util% |
+-----------+------+-------+------------+-----------+-------+
| DSPs      |    0 |     0 |          0 |      2800 |  0.00 |
+-----------+------+-------+------------+-----------+-------+


4. IO and GT Specific
---------------------

+-----------------------------+------+-------+------------+-----------+-------+
|          Site Type          | Used | Fixed | Prohibited | Available | Util% |
+-----------------------------+------+-------+------------+-----------+-------+
| Bonded IOB                  |   28 |     0 |          0 |       600 |  4.67 |
| Bonded IPADs                |    0 |     0 |          0 |        62 |  0.00 |
| Bonded OPADs                |    0 |     0 |          0 |        40 |  0.00 |
| PHY_CONTROL                 |    0 |     0 |          0 |        14 |  0.00 |
| PHASER_REF                  |    0 |     0 |          0 |        14 |  0.00 |
| OUT_FIFO                    |    0 |     0 |          0 |        56 |  0.00 |
| IN_FIFO                     |    0 |     0 |          0 |        56 |  0.00 |
| IDELAYCTRL                  |    0 |     0 |          0 |        14 |  0.00 |
| IBUFDS                      |    0 |     0 |          0 |       576 |  0.00 |
| GTXE2_COMMON                |    0 |     0 |          0 |         5 |  0.00 |
| GTXE2_CHANNEL               |    0 |     0 |          0 |        20 |  0.00 |
| PHASER_OUT/PHASER_OUT_PHY   |    0 |     0 |          0 |        56 |  0.00 |
| PHASER_IN/PHASER_IN_PHY     |    0 |     0 |          0 |        56 |  0.00 |
| IDELAYE2/IDELAYE2_FINEDELAY |    0 |     0 |          0 |       700 |  0.00 |
| ODELAYE2/ODELAYE2_FINEDELAY |    0 |     0 |          0 |       700 |  0.00 |
| IBUFDS_GTE2                 |    0 |     0 |          0 |        10 |  0.00 |
| ILOGIC                      |    0 |     0 |          0 |       600 |  0.00 |
| OLOGIC                      |    0 |     0 |          0 |       600 |  0.00 |
+-----------------------------+------+-------+------------+-----------+-------+


5. Clocking
-----------

+------------+------+-------+------------+-----------+-------+
|  Site Type | Used | Fixed | Prohibited | Available | Util% |
+------------+------+-------+------------+-----------+-------+
| BUFGCTRL   |    1 |     0 |          0 |        32 |  3.13 |
| BUFIO      |    0 |     0 |          0 |        56 |  0.00 |
| MMCME2_ADV |    0 |     0 |          0 |        14 |  0.00 |
| PLLE2_ADV  |    0 |     0 |          0 |        14 |  0.00 |
| BUFMRCE    |    0 |     0 |          0 |        28 |  0.00 |
| BUFHCE     |    0 |     0 |          0 |       168 |  0.00 |
| BUFR       |    0 |     0 |          0 |        56 |  0.00 |
+------------+------+-------+------------+-----------+-------+


6. Specific Feature
-------------------

+-------------+------+-------+------------+-----------+-------+
|  Site Type  | Used | Fixed | Prohibited | Available | Util% |
+-------------+------+-------+------------+-----------+-------+
| BSCANE2     |    0 |     0 |          0 |         4 |  0.00 |
| CAPTUREE2   |    0 |     0 |          0 |         1 |  0.00 |
| DNA_PORT    |    0 |     0 |          0 |         1 |  0.00 |
| EFUSE_USR   |    0 |     0 |          0 |         1 |  0.00 |
| FRAME_ECCE2 |    0 |     0 |          0 |         1 |  0.00 |
| ICAPE2      |    0 |     0 |          0 |         2 |  0.00 |
| PCIE_2_1    |    0 |     0 |          0 |         4 |  0.00 |
| STARTUPE2   |    0 |     0 |          0 |         1 |  0.00 |
| XADC        |    0 |     0 |          0 |         1 |  0.00 |
+-------------+------+-------+------------+-----------+-------+


7. Primitives
-------------

+----------+------+---------------------+
| Ref Name | Used | Functional Category |
+----------+------+---------------------+
| OBUF     |   20 |                  IO |
| IBUF     |    8 |                  IO |
| RAMB18E1 |    1 |        Block Memory |
| BUFG     |    1 |               Clock |
+----------+------+---------------------+


8. Black Boxes
--------------

+----------+------+
| Ref Name | Used |
+----------+------+


9. Instantiated Netlists
------------------------

+----------+------+
| Ref Name | Used |
+----------+------+


# report_timing -max_paths 100
INFO: [Timing 38-91] UpdateTimingParams: Speed grade: -1, Delay Type: max.
INFO: [Timing 38-191] Multithreading enabled for timing update using a maximum of 8 CPUs
INFO: [Timing 38-35] Done setting XDC timing constraints.
INFO: [Timing 38-78] ReportTimingParams: -max_paths 100 -nworst 1 -delay_type max -sort_by slack.
Copyright 1986-2021 Xilinx, Inc. All Rights Reserved.
-------------------------------------------------------------------------------------------------------
| Tool Version : Vivado v.2021.1 (lin64) Build 3247384 Thu Jun 10 19:36:07 MDT 2021
| Date         : Thu Jun 15 15:59:47 2023
| Host         : uscomputefe1.rapidsiliconus.local running 64-bit CentOS Linux release 7.9.2009 (Core)
| Command      : report_timing -max_paths 100
| Design       : rams_sp_rom_1
| Device       : 7vx485t-ffg1157
| Speed File   : -1  PRODUCTION 1.12 2014-09-11
-------------------------------------------------------------------------------------------------------

Timing Report

Slack:                    inf
  Source:                 data_reg/CLKARDCLK
                            (rising edge-triggered cell RAMB18E1)
  Destination:            dout[0]
                            (output port)
  Path Group:             (none)
  Path Type:              Max at Slow Process Corner
  Data Path Delay:        4.956ns  (logic 4.373ns (88.226%)  route 0.584ns (11.774%))
  Logic Levels:           2  (OBUF=1 RAMB18E1=1)

    Location             Delay type                Incr(ns)  Path(ns)    Netlist Resource(s)
  -------------------------------------------------------------------    -------------------
                         RAMB18E1                     0.000     0.000 r  data_reg/CLKARDCLK
                         RAMB18E1 (Prop_ramb18e1_CLKARDCLK_DOADO[0])
                                                      2.080     2.080 r  data_reg/DOADO[0]
                         net (fo=1, unplaced)         0.584     2.664    dout_OBUF[0]
                         OBUF (Prop_obuf_I_O)         2.293     4.956 r  dout_OBUF[0]_inst/O
                         net (fo=0)                   0.000     4.956    dout[0]
                                                                      r  dout[0] (OUT)
  -------------------------------------------------------------------    -------------------

Slack:                    inf
  Source:                 data_reg/CLKARDCLK
                            (rising edge-triggered cell RAMB18E1)
  Destination:            dout[10]
                            (output port)
  Path Group:             (none)
  Path Type:              Max at Slow Process Corner
  Data Path Delay:        4.956ns  (logic 4.373ns (88.226%)  route 0.584ns (11.774%))
  Logic Levels:           2  (OBUF=1 RAMB18E1=1)

    Location             Delay type                Incr(ns)  Path(ns)    Netlist Resource(s)
  -------------------------------------------------------------------    -------------------
                         RAMB18E1                     0.000     0.000 r  data_reg/CLKARDCLK
                         RAMB18E1 (Prop_ramb18e1_CLKARDCLK_DOADO[10])
                                                      2.080     2.080 r  data_reg/DOADO[10]
                         net (fo=1, unplaced)         0.584     2.664    dout_OBUF[10]
                         OBUF (Prop_obuf_I_O)         2.293     4.956 r  dout_OBUF[10]_inst/O
                         net (fo=0)                   0.000     4.956    dout[10]
                                                                      r  dout[10] (OUT)
  -------------------------------------------------------------------    -------------------

Slack:                    inf
  Source:                 data_reg/CLKARDCLK
                            (rising edge-triggered cell RAMB18E1)
  Destination:            dout[11]
                            (output port)
  Path Group:             (none)
  Path Type:              Max at Slow Process Corner
  Data Path Delay:        4.956ns  (logic 4.373ns (88.226%)  route 0.584ns (11.774%))
  Logic Levels:           2  (OBUF=1 RAMB18E1=1)

    Location             Delay type                Incr(ns)  Path(ns)    Netlist Resource(s)
  -------------------------------------------------------------------    -------------------
                         RAMB18E1                     0.000     0.000 r  data_reg/CLKARDCLK
                         RAMB18E1 (Prop_ramb18e1_CLKARDCLK_DOADO[11])
                                                      2.080     2.080 r  data_reg/DOADO[11]
                         net (fo=1, unplaced)         0.584     2.664    dout_OBUF[11]
                         OBUF (Prop_obuf_I_O)         2.293     4.956 r  dout_OBUF[11]_inst/O
                         net (fo=0)                   0.000     4.956    dout[11]
                                                                      r  dout[11] (OUT)
  -------------------------------------------------------------------    -------------------

Slack:                    inf
  Source:                 data_reg/CLKARDCLK
                            (rising edge-triggered cell RAMB18E1)
  Destination:            dout[12]
                            (output port)
  Path Group:             (none)
  Path Type:              Max at Slow Process Corner
  Data Path Delay:        4.956ns  (logic 4.373ns (88.226%)  route 0.584ns (11.774%))
  Logic Levels:           2  (OBUF=1 RAMB18E1=1)

    Location             Delay type                Incr(ns)  Path(ns)    Netlist Resource(s)
  -------------------------------------------------------------------    -------------------
                         RAMB18E1                     0.000     0.000 r  data_reg/CLKARDCLK
                         RAMB18E1 (Prop_ramb18e1_CLKARDCLK_DOADO[12])
                                                      2.080     2.080 r  data_reg/DOADO[12]
                         net (fo=1, unplaced)         0.584     2.664    dout_OBUF[12]
                         OBUF (Prop_obuf_I_O)         2.293     4.956 r  dout_OBUF[12]_inst/O
                         net (fo=0)                   0.000     4.956    dout[12]
                                                                      r  dout[12] (OUT)
  -------------------------------------------------------------------    -------------------

Slack:                    inf
  Source:                 data_reg/CLKARDCLK
                            (rising edge-triggered cell RAMB18E1)
  Destination:            dout[13]
                            (output port)
  Path Group:             (none)
  Path Type:              Max at Slow Process Corner
  Data Path Delay:        4.956ns  (logic 4.373ns (88.226%)  route 0.584ns (11.774%))
  Logic Levels:           2  (OBUF=1 RAMB18E1=1)

    Location             Delay type                Incr(ns)  Path(ns)    Netlist Resource(s)
  -------------------------------------------------------------------    -------------------
                         RAMB18E1                     0.000     0.000 r  data_reg/CLKARDCLK
                         RAMB18E1 (Prop_ramb18e1_CLKARDCLK_DOADO[13])
                                                      2.080     2.080 r  data_reg/DOADO[13]
                         net (fo=1, unplaced)         0.584     2.664    dout_OBUF[13]
                         OBUF (Prop_obuf_I_O)         2.293     4.956 r  dout_OBUF[13]_inst/O
                         net (fo=0)                   0.000     4.956    dout[13]
                                                                      r  dout[13] (OUT)
  -------------------------------------------------------------------    -------------------

Slack:                    inf
  Source:                 data_reg/CLKARDCLK
                            (rising edge-triggered cell RAMB18E1)
  Destination:            dout[14]
                            (output port)
  Path Group:             (none)
  Path Type:              Max at Slow Process Corner
  Data Path Delay:        4.956ns  (logic 4.373ns (88.226%)  route 0.584ns (11.774%))
  Logic Levels:           2  (OBUF=1 RAMB18E1=1)

    Location             Delay type                Incr(ns)  Path(ns)    Netlist Resource(s)
  -------------------------------------------------------------------    -------------------
                         RAMB18E1                     0.000     0.000 r  data_reg/CLKARDCLK
                         RAMB18E1 (Prop_ramb18e1_CLKARDCLK_DOADO[14])
                                                      2.080     2.080 r  data_reg/DOADO[14]
                         net (fo=1, unplaced)         0.584     2.664    dout_OBUF[14]
                         OBUF (Prop_obuf_I_O)         2.293     4.956 r  dout_OBUF[14]_inst/O
                         net (fo=0)                   0.000     4.956    dout[14]
                                                                      r  dout[14] (OUT)
  -------------------------------------------------------------------    -------------------

Slack:                    inf
  Source:                 data_reg/CLKARDCLK
                            (rising edge-triggered cell RAMB18E1)
  Destination:            dout[15]
                            (output port)
  Path Group:             (none)
  Path Type:              Max at Slow Process Corner
  Data Path Delay:        4.956ns  (logic 4.373ns (88.226%)  route 0.584ns (11.774%))
  Logic Levels:           2  (OBUF=1 RAMB18E1=1)

    Location             Delay type                Incr(ns)  Path(ns)    Netlist Resource(s)
  -------------------------------------------------------------------    -------------------
                         RAMB18E1                     0.000     0.000 r  data_reg/CLKARDCLK
                         RAMB18E1 (Prop_ramb18e1_CLKARDCLK_DOADO[15])
                                                      2.080     2.080 r  data_reg/DOADO[15]
                         net (fo=1, unplaced)         0.584     2.664    dout_OBUF[15]
                         OBUF (Prop_obuf_I_O)         2.293     4.956 r  dout_OBUF[15]_inst/O
                         net (fo=0)                   0.000     4.956    dout[15]
                                                                      r  dout[15] (OUT)
  -------------------------------------------------------------------    -------------------

Slack:                    inf
  Source:                 data_reg/CLKARDCLK
                            (rising edge-triggered cell RAMB18E1)
  Destination:            dout[16]
                            (output port)
  Path Group:             (none)
  Path Type:              Max at Slow Process Corner
  Data Path Delay:        4.956ns  (logic 4.373ns (88.226%)  route 0.584ns (11.774%))
  Logic Levels:           2  (OBUF=1 RAMB18E1=1)

    Location             Delay type                Incr(ns)  Path(ns)    Netlist Resource(s)
  -------------------------------------------------------------------    -------------------
                         RAMB18E1                     0.000     0.000 r  data_reg/CLKARDCLK
                         RAMB18E1 (Prop_ramb18e1_CLKARDCLK_DOPADOP[0])
                                                      2.080     2.080 r  data_reg/DOPADOP[0]
                         net (fo=1, unplaced)         0.584     2.664    dout_OBUF[16]
                         OBUF (Prop_obuf_I_O)         2.293     4.956 r  dout_OBUF[16]_inst/O
                         net (fo=0)                   0.000     4.956    dout[16]
                                                                      r  dout[16] (OUT)
  -------------------------------------------------------------------    -------------------

Slack:                    inf
  Source:                 data_reg/CLKARDCLK
                            (rising edge-triggered cell RAMB18E1)
  Destination:            dout[17]
                            (output port)
  Path Group:             (none)
  Path Type:              Max at Slow Process Corner
  Data Path Delay:        4.956ns  (logic 4.373ns (88.226%)  route 0.584ns (11.774%))
  Logic Levels:           2  (OBUF=1 RAMB18E1=1)

    Location             Delay type                Incr(ns)  Path(ns)    Netlist Resource(s)
  -------------------------------------------------------------------    -------------------
                         RAMB18E1                     0.000     0.000 r  data_reg/CLKARDCLK
                         RAMB18E1 (Prop_ramb18e1_CLKARDCLK_DOPADOP[1])
                                                      2.080     2.080 r  data_reg/DOPADOP[1]
                         net (fo=1, unplaced)         0.584     2.664    dout_OBUF[17]
                         OBUF (Prop_obuf_I_O)         2.293     4.956 r  dout_OBUF[17]_inst/O
                         net (fo=0)                   0.000     4.956    dout[17]
                                                                      r  dout[17] (OUT)
  -------------------------------------------------------------------    -------------------

Slack:                    inf
  Source:                 data_reg/CLKBWRCLK
                            (rising edge-triggered cell RAMB18E1)
  Destination:            dout[18]
                            (output port)
  Path Group:             (none)
  Path Type:              Max at Slow Process Corner
  Data Path Delay:        4.956ns  (logic 4.373ns (88.226%)  route 0.584ns (11.774%))
  Logic Levels:           2  (OBUF=1 RAMB18E1=1)

    Location             Delay type                Incr(ns)  Path(ns)    Netlist Resource(s)
  -------------------------------------------------------------------    -------------------
                         RAMB18E1                     0.000     0.000 r  data_reg/CLKBWRCLK
                         RAMB18E1 (Prop_ramb18e1_CLKBWRCLK_DOBDO[0])
                                                      2.080     2.080 r  data_reg/DOBDO[0]
                         net (fo=1, unplaced)         0.584     2.664    dout_OBUF[18]
                         OBUF (Prop_obuf_I_O)         2.293     4.956 r  dout_OBUF[18]_inst/O
                         net (fo=0)                   0.000     4.956    dout[18]
                                                                      r  dout[18] (OUT)
  -------------------------------------------------------------------    -------------------

Slack:                    inf
  Source:                 data_reg/CLKBWRCLK
                            (rising edge-triggered cell RAMB18E1)
  Destination:            dout[19]
                            (output port)
  Path Group:             (none)
  Path Type:              Max at Slow Process Corner
  Data Path Delay:        4.956ns  (logic 4.373ns (88.226%)  route 0.584ns (11.774%))
  Logic Levels:           2  (OBUF=1 RAMB18E1=1)

    Location             Delay type                Incr(ns)  Path(ns)    Netlist Resource(s)
  -------------------------------------------------------------------    -------------------
                         RAMB18E1                     0.000     0.000 r  data_reg/CLKBWRCLK
                         RAMB18E1 (Prop_ramb18e1_CLKBWRCLK_DOBDO[1])
                                                      2.080     2.080 r  data_reg/DOBDO[1]
                         net (fo=1, unplaced)         0.584     2.664    dout_OBUF[19]
                         OBUF (Prop_obuf_I_O)         2.293     4.956 r  dout_OBUF[19]_inst/O
                         net (fo=0)                   0.000     4.956    dout[19]
                                                                      r  dout[19] (OUT)
  -------------------------------------------------------------------    -------------------

Slack:                    inf
  Source:                 data_reg/CLKARDCLK
                            (rising edge-triggered cell RAMB18E1)
  Destination:            dout[1]
                            (output port)
  Path Group:             (none)
  Path Type:              Max at Slow Process Corner
  Data Path Delay:        4.956ns  (logic 4.373ns (88.226%)  route 0.584ns (11.774%))
  Logic Levels:           2  (OBUF=1 RAMB18E1=1)

    Location             Delay type                Incr(ns)  Path(ns)    Netlist Resource(s)
  -------------------------------------------------------------------    -------------------
                         RAMB18E1                     0.000     0.000 r  data_reg/CLKARDCLK
                         RAMB18E1 (Prop_ramb18e1_CLKARDCLK_DOADO[1])
                                                      2.080     2.080 r  data_reg/DOADO[1]
                         net (fo=1, unplaced)         0.584     2.664    dout_OBUF[1]
                         OBUF (Prop_obuf_I_O)         2.293     4.956 r  dout_OBUF[1]_inst/O
                         net (fo=0)                   0.000     4.956    dout[1]
                                                                      r  dout[1] (OUT)
  -------------------------------------------------------------------    -------------------

Slack:                    inf
  Source:                 data_reg/CLKARDCLK
                            (rising edge-triggered cell RAMB18E1)
  Destination:            dout[2]
                            (output port)
  Path Group:             (none)
  Path Type:              Max at Slow Process Corner
  Data Path Delay:        4.956ns  (logic 4.373ns (88.226%)  route 0.584ns (11.774%))
  Logic Levels:           2  (OBUF=1 RAMB18E1=1)

    Location             Delay type                Incr(ns)  Path(ns)    Netlist Resource(s)
  -------------------------------------------------------------------    -------------------
                         RAMB18E1                     0.000     0.000 r  data_reg/CLKARDCLK
                         RAMB18E1 (Prop_ramb18e1_CLKARDCLK_DOADO[2])
                                                      2.080     2.080 r  data_reg/DOADO[2]
                         net (fo=1, unplaced)         0.584     2.664    dout_OBUF[2]
                         OBUF (Prop_obuf_I_O)         2.293     4.956 r  dout_OBUF[2]_inst/O
                         net (fo=0)                   0.000     4.956    dout[2]
                                                                      r  dout[2] (OUT)
  -------------------------------------------------------------------    -------------------

Slack:                    inf
  Source:                 data_reg/CLKARDCLK
                            (rising edge-triggered cell RAMB18E1)
  Destination:            dout[3]
                            (output port)
  Path Group:             (none)
  Path Type:              Max at Slow Process Corner
  Data Path Delay:        4.956ns  (logic 4.373ns (88.226%)  route 0.584ns (11.774%))
  Logic Levels:           2  (OBUF=1 RAMB18E1=1)

    Location             Delay type                Incr(ns)  Path(ns)    Netlist Resource(s)
  -------------------------------------------------------------------    -------------------
                         RAMB18E1                     0.000     0.000 r  data_reg/CLKARDCLK
                         RAMB18E1 (Prop_ramb18e1_CLKARDCLK_DOADO[3])
                                                      2.080     2.080 r  data_reg/DOADO[3]
                         net (fo=1, unplaced)         0.584     2.664    dout_OBUF[3]
                         OBUF (Prop_obuf_I_O)         2.293     4.956 r  dout_OBUF[3]_inst/O
                         net (fo=0)                   0.000     4.956    dout[3]
                                                                      r  dout[3] (OUT)
  -------------------------------------------------------------------    -------------------

Slack:                    inf
  Source:                 data_reg/CLKARDCLK
                            (rising edge-triggered cell RAMB18E1)
  Destination:            dout[4]
                            (output port)
  Path Group:             (none)
  Path Type:              Max at Slow Process Corner
  Data Path Delay:        4.956ns  (logic 4.373ns (88.226%)  route 0.584ns (11.774%))
  Logic Levels:           2  (OBUF=1 RAMB18E1=1)

    Location             Delay type                Incr(ns)  Path(ns)    Netlist Resource(s)
  -------------------------------------------------------------------    -------------------
                         RAMB18E1                     0.000     0.000 r  data_reg/CLKARDCLK
                         RAMB18E1 (Prop_ramb18e1_CLKARDCLK_DOADO[4])
                                                      2.080     2.080 r  data_reg/DOADO[4]
                         net (fo=1, unplaced)         0.584     2.664    dout_OBUF[4]
                         OBUF (Prop_obuf_I_O)         2.293     4.956 r  dout_OBUF[4]_inst/O
                         net (fo=0)                   0.000     4.956    dout[4]
                                                                      r  dout[4] (OUT)
  -------------------------------------------------------------------    -------------------

Slack:                    inf
  Source:                 data_reg/CLKARDCLK
                            (rising edge-triggered cell RAMB18E1)
  Destination:            dout[5]
                            (output port)
  Path Group:             (none)
  Path Type:              Max at Slow Process Corner
  Data Path Delay:        4.956ns  (logic 4.373ns (88.226%)  route 0.584ns (11.774%))
  Logic Levels:           2  (OBUF=1 RAMB18E1=1)

    Location             Delay type                Incr(ns)  Path(ns)    Netlist Resource(s)
  -------------------------------------------------------------------    -------------------
                         RAMB18E1                     0.000     0.000 r  data_reg/CLKARDCLK
                         RAMB18E1 (Prop_ramb18e1_CLKARDCLK_DOADO[5])
                                                      2.080     2.080 r  data_reg/DOADO[5]
                         net (fo=1, unplaced)         0.584     2.664    dout_OBUF[5]
                         OBUF (Prop_obuf_I_O)         2.293     4.956 r  dout_OBUF[5]_inst/O
                         net (fo=0)                   0.000     4.956    dout[5]
                                                                      r  dout[5] (OUT)
  -------------------------------------------------------------------    -------------------

Slack:                    inf
  Source:                 data_reg/CLKARDCLK
                            (rising edge-triggered cell RAMB18E1)
  Destination:            dout[6]
                            (output port)
  Path Group:             (none)
  Path Type:              Max at Slow Process Corner
  Data Path Delay:        4.956ns  (logic 4.373ns (88.226%)  route 0.584ns (11.774%))
  Logic Levels:           2  (OBUF=1 RAMB18E1=1)

    Location             Delay type                Incr(ns)  Path(ns)    Netlist Resource(s)
  -------------------------------------------------------------------    -------------------
                         RAMB18E1                     0.000     0.000 r  data_reg/CLKARDCLK
                         RAMB18E1 (Prop_ramb18e1_CLKARDCLK_DOADO[6])
                                                      2.080     2.080 r  data_reg/DOADO[6]
                         net (fo=1, unplaced)         0.584     2.664    dout_OBUF[6]
                         OBUF (Prop_obuf_I_O)         2.293     4.956 r  dout_OBUF[6]_inst/O
                         net (fo=0)                   0.000     4.956    dout[6]
                                                                      r  dout[6] (OUT)
  -------------------------------------------------------------------    -------------------

Slack:                    inf
  Source:                 data_reg/CLKARDCLK
                            (rising edge-triggered cell RAMB18E1)
  Destination:            dout[7]
                            (output port)
  Path Group:             (none)
  Path Type:              Max at Slow Process Corner
  Data Path Delay:        4.956ns  (logic 4.373ns (88.226%)  route 0.584ns (11.774%))
  Logic Levels:           2  (OBUF=1 RAMB18E1=1)

    Location             Delay type                Incr(ns)  Path(ns)    Netlist Resource(s)
  -------------------------------------------------------------------    -------------------
                         RAMB18E1                     0.000     0.000 r  data_reg/CLKARDCLK
                         RAMB18E1 (Prop_ramb18e1_CLKARDCLK_DOADO[7])
                                                      2.080     2.080 r  data_reg/DOADO[7]
                         net (fo=1, unplaced)         0.584     2.664    dout_OBUF[7]
                         OBUF (Prop_obuf_I_O)         2.293     4.956 r  dout_OBUF[7]_inst/O
                         net (fo=0)                   0.000     4.956    dout[7]
                                                                      r  dout[7] (OUT)
  -------------------------------------------------------------------    -------------------

Slack:                    inf
  Source:                 data_reg/CLKARDCLK
                            (rising edge-triggered cell RAMB18E1)
  Destination:            dout[8]
                            (output port)
  Path Group:             (none)
  Path Type:              Max at Slow Process Corner
  Data Path Delay:        4.956ns  (logic 4.373ns (88.226%)  route 0.584ns (11.774%))
  Logic Levels:           2  (OBUF=1 RAMB18E1=1)

    Location             Delay type                Incr(ns)  Path(ns)    Netlist Resource(s)
  -------------------------------------------------------------------    -------------------
                         RAMB18E1                     0.000     0.000 r  data_reg/CLKARDCLK
                         RAMB18E1 (Prop_ramb18e1_CLKARDCLK_DOADO[8])
                                                      2.080     2.080 r  data_reg/DOADO[8]
                         net (fo=1, unplaced)         0.584     2.664    dout_OBUF[8]
                         OBUF (Prop_obuf_I_O)         2.293     4.956 r  dout_OBUF[8]_inst/O
                         net (fo=0)                   0.000     4.956    dout[8]
                                                                      r  dout[8] (OUT)
  -------------------------------------------------------------------    -------------------

Slack:                    inf
  Source:                 data_reg/CLKARDCLK
                            (rising edge-triggered cell RAMB18E1)
  Destination:            dout[9]
                            (output port)
  Path Group:             (none)
  Path Type:              Max at Slow Process Corner
  Data Path Delay:        4.956ns  (logic 4.373ns (88.226%)  route 0.584ns (11.774%))
  Logic Levels:           2  (OBUF=1 RAMB18E1=1)

    Location             Delay type                Incr(ns)  Path(ns)    Netlist Resource(s)
  -------------------------------------------------------------------    -------------------
                         RAMB18E1                     0.000     0.000 r  data_reg/CLKARDCLK
                         RAMB18E1 (Prop_ramb18e1_CLKARDCLK_DOADO[9])
                                                      2.080     2.080 r  data_reg/DOADO[9]
                         net (fo=1, unplaced)         0.584     2.664    dout_OBUF[9]
                         OBUF (Prop_obuf_I_O)         2.293     4.956 r  dout_OBUF[9]_inst/O
                         net (fo=0)                   0.000     4.956    dout[9]
                                                                      r  dout[9] (OUT)
  -------------------------------------------------------------------    -------------------

Slack:                    inf
  Source:                 addr[0]
                            (input port)
  Destination:            data_reg/ADDRARDADDR[4]
  Path Group:             (none)
  Path Type:              Max at Slow Process Corner
  Data Path Delay:        1.309ns  (logic 0.726ns (55.429%)  route 0.584ns (44.571%))
  Logic Levels:           1  (IBUF=1)

    Location             Delay type                Incr(ns)  Path(ns)    Netlist Resource(s)
  -------------------------------------------------------------------    -------------------
                                                      0.000     0.000 r  addr[0] (IN)
                         net (fo=0)                   0.000     0.000    addr[0]
                         IBUF (Prop_ibuf_I_O)         0.726     0.726 r  addr_IBUF[0]_inst/O
                         net (fo=2, unplaced)         0.584     1.309    addr_IBUF[0]
                         RAMB18E1                                     r  data_reg/ADDRARDADDR[4]
  -------------------------------------------------------------------    -------------------

Slack:                    inf
  Source:                 addr[1]
                            (input port)
  Destination:            data_reg/ADDRARDADDR[5]
  Path Group:             (none)
  Path Type:              Max at Slow Process Corner
  Data Path Delay:        1.309ns  (logic 0.726ns (55.429%)  route 0.584ns (44.571%))
  Logic Levels:           1  (IBUF=1)

    Location             Delay type                Incr(ns)  Path(ns)    Netlist Resource(s)
  -------------------------------------------------------------------    -------------------
                                                      0.000     0.000 r  addr[1] (IN)
                         net (fo=0)                   0.000     0.000    addr[1]
                         IBUF (Prop_ibuf_I_O)         0.726     0.726 r  addr_IBUF[1]_inst/O
                         net (fo=2, unplaced)         0.584     1.309    addr_IBUF[1]
                         RAMB18E1                                     r  data_reg/ADDRARDADDR[5]
  -------------------------------------------------------------------    -------------------

Slack:                    inf
  Source:                 addr[2]
                            (input port)
  Destination:            data_reg/ADDRARDADDR[6]
  Path Group:             (none)
  Path Type:              Max at Slow Process Corner
  Data Path Delay:        1.309ns  (logic 0.726ns (55.429%)  route 0.584ns (44.571%))
  Logic Levels:           1  (IBUF=1)

    Location             Delay type                Incr(ns)  Path(ns)    Netlist Resource(s)
  -------------------------------------------------------------------    -------------------
                                                      0.000     0.000 r  addr[2] (IN)
                         net (fo=0)                   0.000     0.000    addr[2]
                         IBUF (Prop_ibuf_I_O)         0.726     0.726 r  addr_IBUF[2]_inst/O
                         net (fo=2, unplaced)         0.584     1.309    addr_IBUF[2]
                         RAMB18E1                                     r  data_reg/ADDRARDADDR[6]
  -------------------------------------------------------------------    -------------------

Slack:                    inf
  Source:                 addr[3]
                            (input port)
  Destination:            data_reg/ADDRARDADDR[7]
  Path Group:             (none)
  Path Type:              Max at Slow Process Corner
  Data Path Delay:        1.309ns  (logic 0.726ns (55.429%)  route 0.584ns (44.571%))
  Logic Levels:           1  (IBUF=1)

    Location             Delay type                Incr(ns)  Path(ns)    Netlist Resource(s)
  -------------------------------------------------------------------    -------------------
                                                      0.000     0.000 r  addr[3] (IN)
                         net (fo=0)                   0.000     0.000    addr[3]
                         IBUF (Prop_ibuf_I_O)         0.726     0.726 r  addr_IBUF[3]_inst/O
                         net (fo=2, unplaced)         0.584     1.309    addr_IBUF[3]
                         RAMB18E1                                     r  data_reg/ADDRARDADDR[7]
  -------------------------------------------------------------------    -------------------

Slack:                    inf
  Source:                 addr[4]
                            (input port)
  Destination:            data_reg/ADDRARDADDR[8]
  Path Group:             (none)
  Path Type:              Max at Slow Process Corner
  Data Path Delay:        1.309ns  (logic 0.726ns (55.429%)  route 0.584ns (44.571%))
  Logic Levels:           1  (IBUF=1)

    Location             Delay type                Incr(ns)  Path(ns)    Netlist Resource(s)
  -------------------------------------------------------------------    -------------------
                                                      0.000     0.000 r  addr[4] (IN)
                         net (fo=0)                   0.000     0.000    addr[4]
                         IBUF (Prop_ibuf_I_O)         0.726     0.726 r  addr_IBUF[4]_inst/O
                         net (fo=2, unplaced)         0.584     1.309    addr_IBUF[4]
                         RAMB18E1                                     r  data_reg/ADDRARDADDR[8]
  -------------------------------------------------------------------    -------------------

Slack:                    inf
  Source:                 addr[5]
                            (input port)
  Destination:            data_reg/ADDRARDADDR[9]
  Path Group:             (none)
  Path Type:              Max at Slow Process Corner
  Data Path Delay:        1.309ns  (logic 0.726ns (55.429%)  route 0.584ns (44.571%))
  Logic Levels:           1  (IBUF=1)

    Location             Delay type                Incr(ns)  Path(ns)    Netlist Resource(s)
  -------------------------------------------------------------------    -------------------
                                                      0.000     0.000 r  addr[5] (IN)
                         net (fo=0)                   0.000     0.000    addr[5]
                         IBUF (Prop_ibuf_I_O)         0.726     0.726 r  addr_IBUF[5]_inst/O
                         net (fo=2, unplaced)         0.584     1.309    addr_IBUF[5]
                         RAMB18E1                                     r  data_reg/ADDRARDADDR[9]
  -------------------------------------------------------------------    -------------------

Slack:                    inf
  Source:                 addr[0]
                            (input port)
  Destination:            data_reg/ADDRBWRADDR[4]
  Path Group:             (none)
  Path Type:              Max at Slow Process Corner
  Data Path Delay:        1.309ns  (logic 0.726ns (55.429%)  route 0.584ns (44.571%))
  Logic Levels:           1  (IBUF=1)

    Location             Delay type                Incr(ns)  Path(ns)    Netlist Resource(s)
  -------------------------------------------------------------------    -------------------
                                                      0.000     0.000 r  addr[0] (IN)
                         net (fo=0)                   0.000     0.000    addr[0]
                         IBUF (Prop_ibuf_I_O)         0.726     0.726 r  addr_IBUF[0]_inst/O
                         net (fo=2, unplaced)         0.584     1.309    addr_IBUF[0]
                         RAMB18E1                                     r  data_reg/ADDRBWRADDR[4]
  -------------------------------------------------------------------    -------------------

Slack:                    inf
  Source:                 addr[1]
                            (input port)
  Destination:            data_reg/ADDRBWRADDR[5]
  Path Group:             (none)
  Path Type:              Max at Slow Process Corner
  Data Path Delay:        1.309ns  (logic 0.726ns (55.429%)  route 0.584ns (44.571%))
  Logic Levels:           1  (IBUF=1)

    Location             Delay type                Incr(ns)  Path(ns)    Netlist Resource(s)
  -------------------------------------------------------------------    -------------------
                                                      0.000     0.000 r  addr[1] (IN)
                         net (fo=0)                   0.000     0.000    addr[1]
                         IBUF (Prop_ibuf_I_O)         0.726     0.726 r  addr_IBUF[1]_inst/O
                         net (fo=2, unplaced)         0.584     1.309    addr_IBUF[1]
                         RAMB18E1                                     r  data_reg/ADDRBWRADDR[5]
  -------------------------------------------------------------------    -------------------

Slack:                    inf
  Source:                 addr[2]
                            (input port)
  Destination:            data_reg/ADDRBWRADDR[6]
  Path Group:             (none)
  Path Type:              Max at Slow Process Corner
  Data Path Delay:        1.309ns  (logic 0.726ns (55.429%)  route 0.584ns (44.571%))
  Logic Levels:           1  (IBUF=1)

    Location             Delay type                Incr(ns)  Path(ns)    Netlist Resource(s)
  -------------------------------------------------------------------    -------------------
                                                      0.000     0.000 r  addr[2] (IN)
                         net (fo=0)                   0.000     0.000    addr[2]
                         IBUF (Prop_ibuf_I_O)         0.726     0.726 r  addr_IBUF[2]_inst/O
                         net (fo=2, unplaced)         0.584     1.309    addr_IBUF[2]
                         RAMB18E1                                     r  data_reg/ADDRBWRADDR[6]
  -------------------------------------------------------------------    -------------------

Slack:                    inf
  Source:                 addr[3]
                            (input port)
  Destination:            data_reg/ADDRBWRADDR[7]
  Path Group:             (none)
  Path Type:              Max at Slow Process Corner
  Data Path Delay:        1.309ns  (logic 0.726ns (55.429%)  route 0.584ns (44.571%))
  Logic Levels:           1  (IBUF=1)

    Location             Delay type                Incr(ns)  Path(ns)    Netlist Resource(s)
  -------------------------------------------------------------------    -------------------
                                                      0.000     0.000 r  addr[3] (IN)
                         net (fo=0)                   0.000     0.000    addr[3]
                         IBUF (Prop_ibuf_I_O)         0.726     0.726 r  addr_IBUF[3]_inst/O
                         net (fo=2, unplaced)         0.584     1.309    addr_IBUF[3]
                         RAMB18E1                                     r  data_reg/ADDRBWRADDR[7]
  -------------------------------------------------------------------    -------------------

Slack:                    inf
  Source:                 addr[4]
                            (input port)
  Destination:            data_reg/ADDRBWRADDR[8]
  Path Group:             (none)
  Path Type:              Max at Slow Process Corner
  Data Path Delay:        1.309ns  (logic 0.726ns (55.429%)  route 0.584ns (44.571%))
  Logic Levels:           1  (IBUF=1)

    Location             Delay type                Incr(ns)  Path(ns)    Netlist Resource(s)
  -------------------------------------------------------------------    -------------------
                                                      0.000     0.000 r  addr[4] (IN)
                         net (fo=0)                   0.000     0.000    addr[4]
                         IBUF (Prop_ibuf_I_O)         0.726     0.726 r  addr_IBUF[4]_inst/O
                         net (fo=2, unplaced)         0.584     1.309    addr_IBUF[4]
                         RAMB18E1                                     r  data_reg/ADDRBWRADDR[8]
  -------------------------------------------------------------------    -------------------

Slack:                    inf
  Source:                 addr[5]
                            (input port)
  Destination:            data_reg/ADDRBWRADDR[9]
  Path Group:             (none)
  Path Type:              Max at Slow Process Corner
  Data Path Delay:        1.309ns  (logic 0.726ns (55.429%)  route 0.584ns (44.571%))
  Logic Levels:           1  (IBUF=1)

    Location             Delay type                Incr(ns)  Path(ns)    Netlist Resource(s)
  -------------------------------------------------------------------    -------------------
                                                      0.000     0.000 r  addr[5] (IN)
                         net (fo=0)                   0.000     0.000    addr[5]
                         IBUF (Prop_ibuf_I_O)         0.726     0.726 r  addr_IBUF[5]_inst/O
                         net (fo=2, unplaced)         0.584     1.309    addr_IBUF[5]
                         RAMB18E1                                     r  data_reg/ADDRBWRADDR[9]
  -------------------------------------------------------------------    -------------------

Slack:                    inf
  Source:                 en
                            (input port)
  Destination:            data_reg/ENARDEN
  Path Group:             (none)
  Path Type:              Max at Slow Process Corner
  Data Path Delay:        1.309ns  (logic 0.726ns (55.429%)  route 0.584ns (44.571%))
  Logic Levels:           1  (IBUF=1)

    Location             Delay type                Incr(ns)  Path(ns)    Netlist Resource(s)
  -------------------------------------------------------------------    -------------------
                                                      0.000     0.000 r  en (IN)
                         net (fo=0)                   0.000     0.000    en
                         IBUF (Prop_ibuf_I_O)         0.726     0.726 r  en_IBUF_inst/O
                         net (fo=2, unplaced)         0.584     1.309    en_IBUF
                         RAMB18E1                                     r  data_reg/ENARDEN
  -------------------------------------------------------------------    -------------------

Slack:                    inf
  Source:                 en
                            (input port)
  Destination:            data_reg/ENBWREN
  Path Group:             (none)
  Path Type:              Max at Slow Process Corner
  Data Path Delay:        1.309ns  (logic 0.726ns (55.429%)  route 0.584ns (44.571%))
  Logic Levels:           1  (IBUF=1)

    Location             Delay type                Incr(ns)  Path(ns)    Netlist Resource(s)
  -------------------------------------------------------------------    -------------------
                                                      0.000     0.000 r  en (IN)
                         net (fo=0)                   0.000     0.000    en
                         IBUF (Prop_ibuf_I_O)         0.726     0.726 r  en_IBUF_inst/O
                         net (fo=2, unplaced)         0.584     1.309    en_IBUF
                         RAMB18E1                                     r  data_reg/ENBWREN
  -------------------------------------------------------------------    -------------------




report_timing: Time (s): cpu = 00:00:07 ; elapsed = 00:00:07 . Memory (MB): peak = 3020.070 ; gain = 380.902 ; free physical = 2471 ; free virtual = 30992
exit
INFO: [Common 17-206] Exiting Vivado at Thu Jun 15 15:59:50 2023...
