Copyright 1986-2022 Xilinx, Inc. All Rights Reserved. Copyright 2022-2023 Advanced Micro Devices, Inc. All Rights Reserved.
---------------------------------------------------------------------------------------------------------------------------------------------
| Tool Version : Vivado v.2023.2 (win64) Build 4029153 Fri Oct 13 20:14:34 MDT 2023
| Date         : Thu Oct 26 15:23:14 2023
| Host         : LAPTOP-FEFLDCST running 64-bit major release  (build 9200)
| Command      : report_utilization -file capture_frontpanel_0_0_utilization_synth.rpt -pb capture_frontpanel_0_0_utilization_synth.pb
| Design       : capture_frontpanel_0_0
| Device       : xcau25p-ffvb676-2-e
| Speed File   : -2
| Design State : Synthesized
---------------------------------------------------------------------------------------------------------------------------------------------

Utilization Design Information

Table of Contents
-----------------
1. CLB Logic
1.1 Summary of Registers by Type
2. BLOCKRAM
3. ARITHMETIC
4. I/O
5. CLOCK
6. ADVANCED
7. CONFIGURATION
8. Primitives
9. Black Boxes
10. Instantiated Netlists

1. CLB Logic
------------

+----------------------------+------+-------+------------+-----------+-------+
|          Site Type         | Used | Fixed | Prohibited | Available | Util% |
+----------------------------+------+-------+------------+-----------+-------+
| CLB LUTs*                  |  919 |     0 |          0 |    141000 |  0.65 |
|   LUT as Logic             |  887 |     0 |          0 |    141000 |  0.63 |
|   LUT as Memory            |   32 |     0 |          0 |     99840 |  0.03 |
|     LUT as Distributed RAM |   32 |     0 |            |           |       |
|     LUT as Shift Register  |    0 |     0 |            |           |       |
| CLB Registers              | 1451 |   102 |          0 |    282000 |  0.51 |
|   Register as Flip Flop    | 1451 |   102 |          0 |    282000 |  0.51 |
|   Register as Latch        |    0 |     0 |          0 |    282000 |  0.00 |
| CARRY8                     |   23 |     0 |          0 |     27120 |  0.08 |
| F7 Muxes                   |    8 |     0 |          0 |    108480 | <0.01 |
| F8 Muxes                   |    0 |     0 |          0 |     54240 |  0.00 |
| F9 Muxes                   |    0 |     0 |          0 |     27120 |  0.00 |
+----------------------------+------+-------+------------+-----------+-------+
* Warning! The Final LUT count, after physical optimizations and full implementation, is typically lower. Run opt_design after synthesis, if not already completed, for a more realistic count.
Warning! LUT value is adjusted to account for LUT combining.


1.1 Summary of Registers by Type
--------------------------------

+-------+--------------+-------------+--------------+
| Total | Clock Enable | Synchronous | Asynchronous |
+-------+--------------+-------------+--------------+
| 0     |            _ |           - |            - |
| 0     |            _ |           - |          Set |
| 0     |            _ |           - |        Reset |
| 0     |            _ |         Set |            - |
| 0     |            _ |       Reset |            - |
| 0     |          Yes |           - |            - |
| 26    |          Yes |           - |          Set |
| 269   |          Yes |           - |        Reset |
| 26    |          Yes |         Set |            - |
| 1130  |          Yes |       Reset |            - |
+-------+--------------+-------------+--------------+


2. BLOCKRAM
-----------

+-------------------+------+-------+------------+-----------+-------+
|     Site Type     | Used | Fixed | Prohibited | Available | Util% |
+-------------------+------+-------+------------+-----------+-------+
| Block RAM Tile    |    2 |     0 |          0 |       300 |  0.67 |
|   RAMB36/FIFO*    |    1 |     0 |          0 |       300 |  0.33 |
|     RAMB36E2 only |    1 |       |            |           |       |
|   RAMB18          |    2 |     0 |          0 |       600 |  0.33 |
|     RAMB18E2 only |    2 |       |            |           |       |
+-------------------+------+-------+------------+-----------+-------+
* Note: Each Block RAM Tile only has one FIFO logic available and therefore can accommodate only one FIFO36E2 or one FIFO18E2. However, if a FIFO18E2 occupies a Block RAM Tile, that tile can still accommodate a RAMB18E2


3. ARITHMETIC
-------------

+-----------+------+-------+------------+-----------+-------+
| Site Type | Used | Fixed | Prohibited | Available | Util% |
+-----------+------+-------+------------+-----------+-------+
| DSPs      |    0 |     0 |          0 |      1200 |  0.00 |
+-----------+------+-------+------------+-----------+-------+


4. I/O
------

+------------+------+-------+------------+-----------+-------+
|  Site Type | Used | Fixed | Prohibited | Available | Util% |
+------------+------+-------+------------+-----------+-------+
| Bonded IOB |   41 |     0 |          0 |       280 | 14.64 |
+------------+------+-------+------------+-----------+-------+


5. CLOCK
--------

+----------------------+------+-------+------------+-----------+-------+
|       Site Type      | Used | Fixed | Prohibited | Available | Util% |
+----------------------+------+-------+------------+-----------+-------+
| GLOBAL CLOCK BUFFERs |    2 |     0 |          0 |       256 |  0.78 |
|   BUFGCE             |    2 |     0 |          0 |       112 |  1.79 |
|   BUFGCE_DIV         |    0 |     0 |          0 |        16 |  0.00 |
|   BUFG_GT            |    0 |     0 |          0 |        96 |  0.00 |
|   BUFGCTRL*          |    0 |     0 |          0 |        32 |  0.00 |
| PLL                  |    0 |     0 |          0 |         8 |  0.00 |
| MMCM                 |    1 |     0 |          0 |         4 | 25.00 |
+----------------------+------+-------+------------+-----------+-------+
* Note: Each used BUFGCTRL counts as two GLOBAL CLOCK BUFFERs. This table does not include global clocking resources, only buffer cell usage. See the Clock Utilization Report (report_clock_utilization) for detailed accounting of global clocking resource availability.


6. ADVANCED
-----------

+-----------------+------+-------+------------+-----------+-------+
|    Site Type    | Used | Fixed | Prohibited | Available | Util% |
+-----------------+------+-------+------------+-----------+-------+
| GTYE4_CHANNEL   |    0 |     0 |          0 |        12 |  0.00 |
| GTYE4_COMMON    |    0 |     0 |          0 |         3 |  0.00 |
| OBUFDS_GTE4     |    0 |     0 |          0 |         6 |  0.00 |
| OBUFDS_GTE4_ADV |    0 |     0 |          0 |         6 |  0.00 |
| PCIE40E4        |    0 |     0 |          0 |         1 |  0.00 |
| SYSMONE4        |    0 |     0 |          0 |         1 |  0.00 |
+-----------------+------+-------+------------+-----------+-------+


7. CONFIGURATION
----------------

+-------------+------+-------+------------+-----------+--------+
|  Site Type  | Used | Fixed | Prohibited | Available |  Util% |
+-------------+------+-------+------------+-----------+--------+
| BSCANE2     |    0 |     0 |          0 |         4 |   0.00 |
| DNA_PORTE2  |    1 |     0 |          0 |         1 | 100.00 |
| EFUSE_USR   |    0 |     0 |          0 |         1 |   0.00 |
| FRAME_ECCE4 |    0 |     0 |          0 |         1 |   0.00 |
| ICAPE3      |    0 |     0 |          0 |         2 |   0.00 |
| MASTER_JTAG |    0 |     0 |          0 |         1 |   0.00 |
| STARTUPE3   |    0 |     0 |          0 |         1 |   0.00 |
+-------------+------+-------+------------+-----------+--------+


8. Primitives
-------------

+------------+------+---------------------+
|  Ref Name  | Used | Functional Category |
+------------+------+---------------------+
| FDRE       | 1130 |            Register |
| LUT6       |  332 |                 CLB |
| LUT4       |  273 |                 CLB |
| FDCE       |  269 |            Register |
| LUT5       |  224 |                 CLB |
| LUT2       |  113 |                 CLB |
| LUT1       |   50 |                 CLB |
| INBUF      |   38 |                 I/O |
| IBUFCTRL   |   38 |              Others |
| LUT3       |   35 |                 CLB |
| OBUFT      |   33 |                 I/O |
| FDSE       |   26 |            Register |
| FDPE       |   26 |            Register |
| RAMD32     |   24 |                 CLB |
| CARRY8     |   23 |                 CLB |
| RAMS64E    |   16 |                 CLB |
| RAMS32     |    8 |                 CLB |
| MUXF7      |    8 |                 CLB |
| OBUF       |    3 |                 I/O |
| RAMB18E2   |    2 |            BLOCKRAM |
| BUFGCE     |    2 |               Clock |
| RAMB36E2   |    1 |            BLOCKRAM |
| MMCME4_ADV |    1 |               Clock |
| DNA_PORTE2 |    1 |       Configuration |
+------------+------+---------------------+


9. Black Boxes
--------------

+----------+------+
| Ref Name | Used |
+----------+------+


10. Instantiated Netlists
-------------------------

+------------------------+------+
|        Ref Name        | Used |
+------------------------+------+
| okWireIn               |    6 |
| okWireOut              |    4 |
| okTriggerIn            |    1 |
| okCoreHarness          |    1 |
| okCore                 |    1 |
| fifo_generator_v13_2_5 |    1 |
+------------------------+------+


