Copyright 1986-2022 Xilinx, Inc. All Rights Reserved. Copyright 2022-2023 Advanced Micro Devices, Inc. All Rights Reserved.
---------------------------------------------------------------------------------------------------------------------------------------------
| Tool Version : Vivado v.2023.2 (win64) Build 4029153 Fri Oct 13 20:14:34 MDT 2023
| Date         : Mon Dec  4 15:50:43 2023
| Host         : LAPTOP-FEFLDCST running 64-bit major release  (build 9200)
| Command      : report_utilization -file capture_wrapper_utilization_placed.rpt -pb capture_wrapper_utilization_placed.pb
| Design       : capture_wrapper
| Device       : xcau25p-ffvb676-2-e
| Speed File   : -2
| Design State : Fully Placed
---------------------------------------------------------------------------------------------------------------------------------------------

Utilization Design Information

Table of Contents
-----------------
1. CLB Logic
1.1 Summary of Registers by Type
2. CLB Logic Distribution
3. BLOCKRAM
4. ARITHMETIC
5. I/O
6. CLOCK
7. ADVANCED
8. CONFIGURATION
9. Primitives
10. Black Boxes
11. Instantiated Netlists

1. CLB Logic
------------

+----------------------------+------+-------+------------+-----------+-------+
|          Site Type         | Used | Fixed | Prohibited | Available | Util% |
+----------------------------+------+-------+------------+-----------+-------+
| CLB LUTs                   | 4462 |     0 |          0 |    141000 |  3.16 |
|   LUT as Logic             | 4353 |     0 |          0 |    141000 |  3.09 |
|   LUT as Memory            |  109 |     0 |          0 |     99840 |  0.11 |
|     LUT as Distributed RAM |   88 |     0 |            |           |       |
|     LUT as Shift Register  |   21 |     0 |            |           |       |
| CLB Registers              | 6681 |    32 |          0 |    282000 |  2.37 |
|   Register as Flip Flop    | 6681 |    32 |          0 |    282000 |  2.37 |
|   Register as Latch        |    0 |     0 |          0 |    282000 |  0.00 |
| CARRY8                     |   99 |     0 |          0 |     27120 |  0.37 |
| F7 Muxes                   |   25 |     0 |          0 |    108480 |  0.02 |
| F8 Muxes                   |    5 |     0 |          0 |     54240 | <0.01 |
| F9 Muxes                   |    0 |     0 |          0 |     27120 |  0.00 |
+----------------------------+------+-------+------------+-----------+-------+
* Warning! LUT value is adjusted to account for LUT combining.


1.1 Summary of Registers by Type
--------------------------------

+-------+--------------+-------------+--------------+
| Total | Clock Enable | Synchronous | Asynchronous |
+-------+--------------+-------------+--------------+
| 0     |            _ |           - |            - |
| 0     |            _ |           - |          Set |
| 0     |            _ |           - |        Reset |
| 0     |            _ |         Set |            - |
| 0     |            _ |       Reset |            - |
| 0     |          Yes |           - |            - |
| 127   |          Yes |           - |          Set |
| 507   |          Yes |           - |        Reset |
| 170   |          Yes |         Set |            - |
| 5948  |          Yes |       Reset |            - |
+-------+--------------+-------------+--------------+


2. CLB Logic Distribution
-------------------------

+--------------------------------------------+------+-------+------------+-----------+-------+
|                  Site Type                 | Used | Fixed | Prohibited | Available | Util% |
+--------------------------------------------+------+-------+------------+-----------+-------+
| CLB                                        | 1198 |     0 |          0 |     27120 |  4.42 |
|   CLBL                                     |  707 |     0 |            |           |       |
|   CLBM                                     |  491 |     0 |            |           |       |
| LUT as Logic                               | 4353 |     0 |          0 |    141000 |  3.09 |
|   using O5 output only                     |  139 |       |            |           |       |
|   using O6 output only                     | 3250 |       |            |           |       |
|   using O5 and O6                          |  964 |       |            |           |       |
| LUT as Memory                              |  109 |     0 |          0 |     99840 |  0.11 |
|   LUT as Distributed RAM                   |   88 |     0 |            |           |       |
|     using O5 output only                   |    0 |       |            |           |       |
|     using O6 output only                   |   16 |       |            |           |       |
|     using O5 and O6                        |   72 |       |            |           |       |
|   LUT as Shift Register                    |   21 |     0 |            |           |       |
|     using O5 output only                   |    0 |       |            |           |       |
|     using O6 output only                   |   21 |       |            |           |       |
|     using O5 and O6                        |    0 |       |            |           |       |
| CLB Registers                              | 6681 |     0 |          0 |    282000 |  2.37 |
|   Register driven from within the CLB      | 2869 |       |            |           |       |
|   Register driven from outside the CLB     | 3812 |       |            |           |       |
|     LUT in front of the register is unused | 2494 |       |            |           |       |
|     LUT in front of the register is used   | 1318 |       |            |           |       |
| Unique Control Sets                        |  339 |       |          0 |     54240 |  0.63 |
+--------------------------------------------+------+-------+------------+-----------+-------+
* * Note: Available Control Sets calculated as Slices * 2, Review the Control Sets Report for more information regarding control sets.


3. BLOCKRAM
-----------

+-------------------+------+-------+------------+-----------+-------+
|     Site Type     | Used | Fixed | Prohibited | Available | Util% |
+-------------------+------+-------+------------+-----------+-------+
| Block RAM Tile    |   82 |     0 |          0 |       300 | 27.33 |
|   RAMB36/FIFO*    |   81 |     0 |          0 |       300 | 27.00 |
|     FIFO36E2 only |   64 |       |            |           |       |
|     RAMB36E2 only |   17 |       |            |           |       |
|   RAMB18          |    2 |     0 |          0 |       600 |  0.33 |
|     RAMB18E2 only |    2 |       |            |           |       |
+-------------------+------+-------+------------+-----------+-------+
* Note: Each Block RAM Tile only has one FIFO logic available and therefore can accommodate only one FIFO36E2 or one FIFO18E2. However, if a FIFO18E2 occupies a Block RAM Tile, that tile can still accommodate a RAMB18E2


4. ARITHMETIC
-------------

+-----------+------+-------+------------+-----------+-------+
| Site Type | Used | Fixed | Prohibited | Available | Util% |
+-----------+------+-------+------------+-----------+-------+
| DSPs      |    0 |     0 |          0 |      1200 |  0.00 |
+-----------+------+-------+------------+-----------+-------+


5. I/O
------

+------------------+------+-------+------------+-----------+-------+
|     Site Type    | Used | Fixed | Prohibited | Available | Util% |
+------------------+------+-------+------------+-----------+-------+
| Bonded IOB       |   58 |    58 |          0 |       280 | 20.71 |
| HPIOB_M          |   25 |    25 |          0 |        96 | 26.04 |
|   INPUT          |    6 |       |            |           |       |
|   OUTPUT         |    2 |       |            |           |       |
|   BIDIR          |   17 |       |            |           |       |
| HPIOB_S          |   24 |    24 |          0 |        96 | 25.00 |
|   INPUT          |    7 |       |            |           |       |
|   OUTPUT         |    2 |       |            |           |       |
|   BIDIR          |   15 |       |            |           |       |
| HDIOB_M          |    0 |     0 |          0 |        36 |  0.00 |
| HDIOB_S          |    0 |     0 |          0 |        36 |  0.00 |
| HPIOB_SNGL       |    9 |     9 |          0 |        16 | 56.25 |
|   INPUT          |    0 |       |            |           |       |
|   OUTPUT         |    6 |       |            |           |       |
|   BIDIR          |    3 |       |            |           |       |
| HPIOBDIFFINBUF   |    4 |     4 |          0 |        96 |  4.17 |
|   DIFFINBUF      |    1 |     1 |            |           |       |
| HPIOBDIFFOUTBUF  |    0 |     0 |          0 |        96 |  0.00 |
| HDIOBDIFFINBUF   |    0 |     0 |          0 |        48 |  0.00 |
| BITSLICE_CONTROL |    1 |     0 |          0 |        32 |  3.13 |
| BITSLICE_RX_TX   |   74 |    74 |          0 |      1248 |  5.93 |
|   RX_BITSLICE    |    3 |     3 |            |           |       |
| BITSLICE_TX      |    0 |     0 |          0 |        32 |  0.00 |
| RIU_OR           |    0 |     0 |          0 |        16 |  0.00 |
+------------------+------+-------+------------+-----------+-------+


6. CLOCK
--------

+----------------------+------+-------+------------+-----------+-------+
|       Site Type      | Used | Fixed | Prohibited | Available | Util% |
+----------------------+------+-------+------------+-----------+-------+
| GLOBAL CLOCK BUFFERs |    6 |     0 |          0 |       256 |  2.34 |
|   BUFGCE             |    6 |     0 |          0 |       112 |  5.36 |
|   BUFGCE_DIV         |    0 |     0 |          0 |        16 |  0.00 |
|   BUFG_GT            |    0 |     0 |          0 |        96 |  0.00 |
|   BUFGCTRL*          |    0 |     0 |          0 |        32 |  0.00 |
| PLL                  |    2 |     0 |          0 |         8 | 25.00 |
| MMCM                 |    1 |     0 |          0 |         4 | 25.00 |
+----------------------+------+-------+------------+-----------+-------+
* Note: Each used BUFGCTRL counts as two GLOBAL CLOCK BUFFERs. This table does not include global clocking resources, only buffer cell usage. See the Clock Utilization Report (report_clock_utilization) for detailed accounting of global clocking resource availability.


7. ADVANCED
-----------

+-----------------+------+-------+------------+-----------+-------+
|    Site Type    | Used | Fixed | Prohibited | Available | Util% |
+-----------------+------+-------+------------+-----------+-------+
| GTYE4_CHANNEL   |    0 |     0 |          0 |        12 |  0.00 |
| GTYE4_COMMON    |    0 |     0 |          0 |         3 |  0.00 |
| OBUFDS_GTE4     |    0 |     0 |          0 |         6 |  0.00 |
| OBUFDS_GTE4_ADV |    0 |     0 |          0 |         6 |  0.00 |
| PCIE40E4        |    0 |     0 |          0 |         1 |  0.00 |
| SYSMONE4        |    0 |     0 |          0 |         1 |  0.00 |
+-----------------+------+-------+------------+-----------+-------+


8. CONFIGURATION
----------------

+-------------+------+-------+------------+-----------+--------+
|  Site Type  | Used | Fixed | Prohibited | Available |  Util% |
+-------------+------+-------+------------+-----------+--------+
| BSCANE2     |    0 |     0 |          0 |         4 |   0.00 |
| DNA_PORTE2  |    1 |     0 |          0 |         1 | 100.00 |
| EFUSE_USR   |    0 |     0 |          0 |         1 |   0.00 |
| FRAME_ECCE4 |    0 |     0 |          0 |         1 |   0.00 |
| ICAPE3      |    0 |     0 |          0 |         2 |   0.00 |
| MASTER_JTAG |    0 |     0 |          0 |         1 |   0.00 |
| STARTUPE3   |    0 |     0 |          0 |         1 |   0.00 |
+-------------+------+-------+------------+-----------+--------+


9. Primitives
-------------

+------------------+------+---------------------+
|     Ref Name     | Used | Functional Category |
+------------------+------+---------------------+
| FDRE             | 5948 |            Register |
| LUT6             | 1910 |                 CLB |
| LUT5             |  973 |                 CLB |
| LUT4             |  946 |                 CLB |
| LUT3             |  684 |                 CLB |
| LUT2             |  616 |                 CLB |
| FDCE             |  507 |            Register |
| LUT1             |  188 |                 CLB |
| FDSE             |  170 |            Register |
| FDPE             |  127 |            Register |
| RAMD32           |  122 |                 CLB |
| CARRY8           |   99 |                 CLB |
| FIFO36E2         |   64 |            BLOCKRAM |
| IBUFCTRL         |   44 |              Others |
| INBUF            |   40 |                 I/O |
| OBUFT            |   35 |                 I/O |
| MUXF7            |   25 |                 CLB |
| RAMS32           |   22 |                 CLB |
| SRL16E           |   21 |                 CLB |
| RAMB36E2         |   17 |            BLOCKRAM |
| RAMS64E          |   16 |                 CLB |
| OBUF             |   10 |                 I/O |
| BUFGCE           |    6 |               Clock |
| MUXF8            |    5 |                 CLB |
| RX_BITSLICE      |    3 |                 I/O |
| DPHY_DIFFINBUF   |    3 |              Others |
| RAMB18E2         |    2 |            BLOCKRAM |
| PLLE4_ADV        |    2 |               Clock |
| MMCME4_ADV       |    1 |               Clock |
| DNA_PORTE2       |    1 |       Configuration |
| DIFFINBUF        |    1 |                 I/O |
| BITSLICE_CONTROL |    1 |                 I/O |
+------------------+------+---------------------+


10. Black Boxes
---------------

+----------+------+
| Ref Name | Used |
+----------+------+


11. Instantiated Netlists
-------------------------

+----------------------------------+------+
|             Ref Name             | Used |
+----------------------------------+------+
| okWireOut                        |    4 |
| okWireIn                         |    3 |
| okTriggerIn                      |    1 |
| okCoreHarness                    |    1 |
| okCore                           |    1 |
| okBTPipeOut                      |    1 |
| fifo_generator_v13_2_5           |    1 |
| capture_proc_sys_reset_0_1       |    1 |
| capture_mipi_csi2_rx_subsyst_0_0 |    1 |
| capture_leds_0_0                 |    1 |
| capture_frontpanel_0_0           |    1 |
| capture_fifo_generator_0_0       |    1 |
| capture_fb_ahb_0_4               |    1 |
| capture_clk_wiz_0_0              |    1 |
| capture_axi_iic_0_0              |    1 |
| capture_axi_gpio_0_0             |    1 |
| capture_axi_crossbar_0_0         |    1 |
| bd_d757_xbar_0                   |    1 |
| bd_d757_vfb_0_0                  |    1 |
| bd_d757_rx_0                     |    1 |
| bd_d757_r_sync_0                 |    1 |
| bd_d757_phy_0                    |    1 |
+----------------------------------+------+


