Copyright 1986-2022 Xilinx, Inc. All Rights Reserved. Copyright 2022-2023 Advanced Micro Devices, Inc. All Rights Reserved.
-------------------------------------------------------------------------------------------------------------------------------------------------------------------
| Tool Version     : Vivado v.2023.2 (win64) Build 4029153 Fri Oct 13 20:14:34 MDT 2023
| Date             : Sat Nov 11 15:46:33 2023
| Host             : LAPTOP-FEFLDCST running 64-bit major release  (build 9200)
| Command          : report_power -file capture_wrapper_power_routed.rpt -pb capture_wrapper_power_summary_routed.pb -rpx capture_wrapper_power_routed.rpx
| Design           : capture_wrapper
| Device           : xcau25p-ffvb676-2-e
| Design State     : routed
| Grade            : extended
| Process          : typical
| Characterization : Production
-------------------------------------------------------------------------------------------------------------------------------------------------------------------

Power Report

Table of Contents
-----------------
1. Summary
1.1 On-Chip Components
1.2 Power Supply Summary
1.3 Confidence Level
2. Settings
2.1 Environment
2.2 Clock Constraints
3. Detailed Reports
3.1 By Hierarchy

1. Summary
----------

+--------------------------+--------------+
| Total On-Chip Power (W)  | 0.580        |
| Design Power Budget (W)  | Unspecified* |
| Power Budget Margin (W)  | NA           |
| Dynamic (W)              | 0.129        |
| Device Static (W)        | 0.451        |
| Effective TJA (C/W)      | 1.7          |
| Max Ambient (C)          | 99.0         |
| Junction Temperature (C) | 26.0         |
| Confidence Level         | Low          |
| Setting File             | ---          |
| Simulation Activity File | ---          |
| Design Nets Matched      | NA           |
+--------------------------+--------------+
* Specify Design Power Budget using, set_operating_conditions -design_power_budget <value in Watts>


1.1 On-Chip Components
----------------------

+--------------------------+-----------+----------+-----------+-----------------+
| On-Chip                  | Power (W) | Used     | Available | Utilization (%) |
+--------------------------+-----------+----------+-----------+-----------------+
| Clocks                   |     0.010 |        7 |       --- |             --- |
| CLB Logic                |     0.011 |     3316 |       --- |             --- |
|   LUT as Logic           |     0.004 |     1213 |    141000 |            0.86 |
|   LUT as Distributed RAM |    <0.001 |       32 |     99840 |            0.03 |
|   Register               |     0.007 |     1624 |    282000 |            0.58 |
|   CARRY8                 |    <0.001 |       27 |     27120 |            0.10 |
|   LUT as Shift Register  |    <0.001 |       19 |     99840 |            0.02 |
|   Others                 |     0.000 |       83 |       --- |             --- |
|   F7/F8 Muxes            |     0.000 |       21 |    216960 |           <0.01 |
| Signals                  |     0.003 |     2654 |       --- |             --- |
| Block RAM                |     0.002 |        2 |       300 |            0.67 |
| MMCM                     |     0.088 |        0 |       --- |             --- |
| I/O                      |     0.015 |       52 |       280 |           18.57 |
| Static Power             |     0.451 |          |           |                 |
| Total                    |     0.580 |          |           |                 |
+--------------------------+-----------+----------+-----------+-----------------+


1.2 Power Supply Summary
------------------------

+------------+-------------+-----------+-------------+------------+-------------+-------------+------------+
| Source     | Voltage (V) | Total (A) | Dynamic (A) | Static (A) | Powerup (A) | Budget (A)  | Margin (A) |
+------------+-------------+-----------+-------------+------------+-------------+-------------+------------+
| Vccint     |       0.850 |     0.160 |       0.022 |      0.138 |       NA    | Unspecified | NA         |
| Vccint_io  |       0.850 |     0.044 |       0.009 |      0.035 |       NA    | Unspecified | NA         |
| Vccbram    |       0.850 |     0.002 |       0.000 |      0.002 |       NA    | Unspecified | NA         |
| Vccaux     |       1.800 |     0.177 |       0.049 |      0.128 |       NA    | Unspecified | NA         |
| Vccaux_io  |       1.800 |     0.037 |       0.006 |      0.031 |       NA    | Unspecified | NA         |
| Vcco33     |       3.300 |     0.000 |       0.000 |      0.000 |       NA    | Unspecified | NA         |
| Vcco25     |       2.500 |     0.000 |       0.000 |      0.000 |       NA    | Unspecified | NA         |
| Vcco18     |       1.800 |     0.002 |       0.002 |      0.000 |       NA    | Unspecified | NA         |
| Vcco15     |       1.500 |     0.000 |       0.000 |      0.000 |       NA    | Unspecified | NA         |
| Vcco135    |       1.350 |     0.000 |       0.000 |      0.000 |       NA    | Unspecified | NA         |
| Vcco12     |       1.200 |     0.000 |       0.000 |      0.000 |       NA    | Unspecified | NA         |
| Vcco10     |       1.000 |     0.000 |       0.000 |      0.000 |       NA    | Unspecified | NA         |
| Vccadc     |       1.800 |     0.008 |       0.000 |      0.008 |       NA    | Unspecified | NA         |
| MGTYAVcc   |       0.900 |     0.000 |       0.000 |      0.000 |       NA    | Unspecified | NA         |
| MGTYAVtt   |       1.200 |     0.000 |       0.000 |      0.000 |       NA    | Unspecified | NA         |
| MGTYVccaux |       1.800 |     0.000 |       0.000 |      0.000 |       NA    | Unspecified | NA         |
+------------+-------------+-----------+-------------+------------+-------------+-------------+------------+


1.3 Confidence Level
--------------------

+-----------------------------+------------+--------------------------------------------------------+------------------------------------------------------------------------------------------------------------+
| User Input Data             | Confidence | Details                                                | Action                                                                                                     |
+-----------------------------+------------+--------------------------------------------------------+------------------------------------------------------------------------------------------------------------+
| Design implementation state | High       | Design is routed                                       |                                                                                                            |
| Clock nodes activity        | High       | User specified more than 95% of clocks                 |                                                                                                            |
| I/O nodes activity          | Low        | More than 75% of inputs are missing user specification | Provide missing input activity with simulation results or by editing the "By Resource Type -> I/Os" view   |
| Internal nodes activity     | Medium     | User specified less than 25% of internal nodes         | Provide missing internal nodes activity with simulation results or by editing the "By Resource Type" views |
| Device models               | High       | Device models are Production                           |                                                                                                            |
|                             |            |                                                        |                                                                                                            |
| Overall confidence level    | Low        |                                                        |                                                                                                            |
+-----------------------------+------------+--------------------------------------------------------+------------------------------------------------------------------------------------------------------------+


2. Settings
-----------

2.1 Environment
---------------

+-----------------------+--------------------------+
| Ambient Temp (C)      | 25.0                     |
| ThetaJA (C/W)         | 1.7                      |
| Airflow (LFM)         | 250                      |
| Heat Sink             | medium (Medium Profile)  |
| ThetaSA (C/W)         | 2.8                      |
| Board Selection       | medium (10"x10")         |
| # of Board Layers     | 12to15 (12 to 15 Layers) |
| Board Temperature (C) | 25.0                     |
+-----------------------+--------------------------+


2.2 Clock Constraints
---------------------

+---------------------------+----------------------------------------------+-----------------+
| Clock                     | Domain                                       | Constraint (ns) |
+---------------------------+----------------------------------------------+-----------------+
| fixed_fabric_100mhz_clk_p | fixed_fabric_100mhz_clk_p                    |            10.0 |
| mmcm0_clk0                | capture_i/frontpanel_0/inst/okHI/mmcm0_clk0  |             9.9 |
| mmcm0_clkfb               | capture_i/frontpanel_0/inst/okHI/mmcm0_clkfb |             9.9 |
| okUH0                     | host_interface_okuh[0]                       |             9.9 |
+---------------------------+----------------------------------------------+-----------------+


3. Detailed Reports
-------------------

3.1 By Hierarchy
----------------

+------------------+-----------+
| Name             | Power (W) |
+------------------+-----------+
| capture_wrapper  |     0.129 |
|   capture_i      |     0.128 |
|     axi_iic_0    |     0.002 |
|       U0         |     0.002 |
|     clk_wiz_0    |     0.002 |
|       inst       |     0.002 |
|     frontpanel_0 |     0.120 |
|       inst       |     0.120 |
|     leds_0       |     0.002 |
|       inst       |     0.002 |
+------------------+-----------+


