Copyright 1986-2022 Xilinx, Inc. All Rights Reserved. Copyright 2022-2023 Advanced Micro Devices, Inc. All Rights Reserved.
---------------------------------------------------------------------------------------------------------------------------------------------
| Tool Version : Vivado v.2023.2 (win64) Build 4029153 Fri Oct 13 20:14:34 MDT 2023
| Date         : Sat Nov 11 15:41:11 2023
| Host         : LAPTOP-FEFLDCST running 64-bit major release  (build 9200)
| Command      : report_control_sets -verbose -file capture_wrapper_control_sets_placed.rpt
| Design       : capture_wrapper
| Device       : xcau25p
---------------------------------------------------------------------------------------------------------------------------------------------

Control Set Information

Table of Contents
-----------------
1. Summary
2. Histogram
3. Flip-Flop Distribution
4. Detailed Control Set Information

1. Summary
----------

+----------------------------------------------------------+-------+
|                          Status                          | Count |
+----------------------------------------------------------+-------+
| Total control sets                                       |   116 |
|    Minimum number of control sets                        |   116 |
|    Addition due to synthesis replication                 |     0 |
|    Addition due to physical synthesis replication        |     0 |
| Unused register locations in slices containing registers |   123 |
+----------------------------------------------------------+-------+
* Control sets can be merged at opt_design using control_set_merge or merge_equivalent_drivers
** Run report_qor_suggestions for automated merging and remapping suggestions


2. Histogram
------------

+--------------------+-------+
|       Fanout       | Count |
+--------------------+-------+
| Total control sets |   116 |
| >= 0 to < 4        |    18 |
| >= 4 to < 6        |    22 |
| >= 6 to < 8        |     9 |
| >= 8 to < 10       |    19 |
| >= 10 to < 12      |    17 |
| >= 12 to < 14      |     5 |
| >= 14 to < 16      |     1 |
| >= 16              |    25 |
+--------------------+-------+
* Control sets can be remapped at either synth_design or opt_design


3. Flip-Flop Distribution
-------------------------

+--------------+-----------------------+------------------------+-----------------+--------------+
| Clock Enable | Synchronous Set/Reset | Asynchronous Set/Reset | Total Registers | Total Slices |
+--------------+-----------------------+------------------------+-----------------+--------------+
| No           | No                    | No                     |             273 |          107 |
| No           | No                    | Yes                    |              26 |           12 |
| No           | Yes                   | No                     |             200 |           75 |
| Yes          | No                    | No                     |             399 |           99 |
| Yes          | No                    | Yes                    |             173 |           38 |
| Yes          | Yes                   | No                     |             482 |          115 |
+--------------+-----------------------+------------------------+-----------------+--------------+


4. Detailed Control Set Information
-----------------------------------

+-----------------------------------------+------------------------------------------------------------------------------------------------------------+---------------------------------------------------------------------------------------------------------+------------------+----------------+--------------+
|               Clock Signal              |                                                Enable Signal                                               |                                             Set/Reset Signal                                            | Slice Load Count | Bel Load Count | Bels / Slice |
+-----------------------------------------+------------------------------------------------------------------------------------------------------------+---------------------------------------------------------------------------------------------------------+------------------+----------------+--------------+
|  capture_i/clk_wiz_0/inst/clk_out1      | capture_i/axi_iic_0/U0/X_IIC/REG_INTERFACE_I/p_3_in                                                        | capture_i/axi_iic_0/U0/X_IIC/REG_INTERFACE_I/Tx_fifo_rst                                                |                1 |              1 |         1.00 |
|  capture_i/frontpanel_0/inst/okHI/okClk | capture_i/frontpanel_0/inst/okHI/core0/core0/l0881048b06017db25aafb0dba883beb2[31]_i_2_n_0                 |                                                                                                         |                1 |              1 |         1.00 |
|  capture_i/clk_wiz_0/inst/clk_out1      |                                                                                                            | capture_i/axi_crossbar_0/inst/gen_sasd.crossbar_sasd_0/addr_arbiter_inst/s_arvalid_reg                  |                1 |              2 |         2.00 |
|  capture_i/clk_wiz_0/inst/clk_out1      | capture_i/axi_iic_0/U0/X_IIC/FILTER_I/SCL_DEBOUNCE/GEN_INERTIAL.debounce_ct[1]_i_2_n_0                     | capture_i/axi_iic_0/U0/X_IIC/FILTER_I/SCL_DEBOUNCE/INPUT_DOUBLE_REGS/SS[0]                              |                1 |              2 |         2.00 |
|  capture_i/clk_wiz_0/inst/clk_out1      | capture_i/axi_iic_0/U0/X_IIC/X_AXI_IPIF_SSP1/AXI_LITE_IPIF_I/I_SLAVE_ATTACHMENT/is_read_i_1_n_0            | capture_i/axi_iic_0/U0/X_IIC/X_AXI_IPIF_SSP1/AXI_LITE_IPIF_I/I_SLAVE_ATTACHMENT/rst                     |                1 |              2 |         2.00 |
|  capture_i/frontpanel_0/inst/okHI/okClk | capture_i/frontpanel_0/inst/okHI/core0/core0/a0/pc0/flag_enable                                            | capture_i/frontpanel_0/inst/okHI/core0/core0/a0/pc0/internal_reset                                      |                1 |              2 |         2.00 |
|  capture_i/clk_wiz_0/inst/clk_out1      |                                                                                                            | capture_i/axi_iic_0/U0/X_IIC/IIC_CONTROL_I/detect_stop_i_1_n_0                                          |                1 |              2 |         2.00 |
|  capture_i/clk_wiz_0/inst/clk_out1      | capture_i/axi_iic_0/U0/X_IIC/FILTER_I/SDA_DEBOUNCE/GEN_INERTIAL.debounce_ct[1]_i_2__0_n_0                  | capture_i/axi_iic_0/U0/X_IIC/FILTER_I/SDA_DEBOUNCE/INPUT_DOUBLE_REGS/SS[0]                              |                1 |              2 |         2.00 |
|  capture_i/clk_wiz_0/inst/clk_out1      |                                                                                                            | capture_i/axi_iic_0/U0/X_IIC/REG_INTERFACE_I/FIFO_GEN_DTR.Tx_fifo_rst_reg_0                             |                1 |              2 |         2.00 |
|  capture_i/frontpanel_0/inst/okHI/okClk | capture_i/frontpanel_0/inst/okHI/core0/core0/lec61d789983ad94d0f1db17087e3c034_i_1_n_0                     | capture_i/frontpanel_0/inst/okHI/mmcm0_locked                                                           |                1 |              2 |         2.00 |
|  capture_i/clk_wiz_0/inst/clk_out1      | capture_i/axi_gpio_0/U0/AXI_LITE_IPIF_I/I_SLAVE_ATTACHMENT/is_read_i_1_n_0                                 | capture_i/axi_gpio_0/U0/AXI_LITE_IPIF_I/I_SLAVE_ATTACHMENT/SR[0]                                        |                1 |              2 |         2.00 |
|  capture_i/clk_wiz_0/inst/clk_out1      |                                                                                                            | capture_i/axi_crossbar_0/inst/gen_sasd.crossbar_sasd_0/addr_arbiter_inst/aresetn_d_reg[0]               |                1 |              2 |         2.00 |
|  capture_i/frontpanel_0/inst/okHI/okClk |                                                                                                            | capture_i/frontpanel_0/inst/okHI/core0/core0/a0/c0/lafc29327d3bb822cb9eead9db0361c1b__0                 |                2 |              2 |         1.00 |
|  capture_i/frontpanel_0/inst/okHI/okClk |                                                                                                            | capture_i/frontpanel_0/inst/okHI/core0/core0/a0/lc12c7095b9bc056c60880aeb6055afb1                       |                2 |              3 |         1.50 |
|  capture_i/frontpanel_0/inst/okHI/okClk | capture_i/frontpanel_0/inst/okHI/core0/core0/l53472db4f1497167b278b9d07bb054df[2]_i_1_n_0                  |                                                                                                         |                1 |              3 |         3.00 |
|  capture_i/frontpanel_0/inst/okHI/okClk | capture_i/frontpanel_0/inst/okHI/core0/core0/l104b67cf23995095e046619e1546c7e3[2]_i_1_n_0                  |                                                                                                         |                1 |              3 |         3.00 |
|  capture_i/clk_wiz_0/inst/clk_out1      | capture_i/axi_iic_0/U0/X_IIC/IIC_CONTROL_I/BITCNT/E[0]                                                     | capture_i/axi_iic_0/U0/X_IIC/IIC_CONTROL_I/state0                                                       |                1 |              3 |         3.00 |
|  capture_i/clk_wiz_0/inst/clk_out1      |                                                                                                            | capture_i/axi_crossbar_0/inst/gen_sasd.crossbar_sasd_0/splitter_aw/m_ready_d[2]_i_1_n_0                 |                1 |              3 |         3.00 |
|  capture_i/clk_wiz_0/inst/clk_out1      |                                                                                                            | capture_i/axi_gpio_0/U0/AXI_LITE_IPIF_I/I_SLAVE_ATTACHMENT/clear                                        |                1 |              4 |         4.00 |
|  capture_i/frontpanel_0/inst/okHI/okClk | capture_i/frontpanel_0/inst/okHI/core0/core0/leeb76b405f165a9b4ab0606f3ea0b3c4[7]_i_1_n_0                  |                                                                                                         |                1 |              4 |         4.00 |
|  capture_i/clk_wiz_0/inst/clk_out1      |                                                                                                            | capture_i/axi_iic_0/U0/X_IIC/X_AXI_IPIF_SSP1/AXI_LITE_IPIF_I/I_SLAVE_ATTACHMENT/clear                   |                1 |              4 |         4.00 |
|  capture_i/frontpanel_0/inst/okHI/okClk | capture_i/frontpanel_0/inst/okHI/core0/core0/l885bbeb94996347da66a8546671e4990[19]_i_1_n_0                 |                                                                                                         |                1 |              4 |         4.00 |
|  capture_i/clk_wiz_0/inst/clk_out1      | capture_i/axi_gpio_0/U0/AXI_LITE_IPIF_I/I_SLAVE_ATTACHMENT/bus2ip_addr_i[8]_i_1_n_0                        | capture_i/axi_gpio_0/U0/AXI_LITE_IPIF_I/I_SLAVE_ATTACHMENT/SR[0]                                        |                1 |              4 |         4.00 |
|  capture_i/clk_wiz_0/inst/clk_out1      | capture_i/axi_gpio_0/U0/AXI_LITE_IPIF_I/I_SLAVE_ATTACHMENT/start2                                          | capture_i/axi_gpio_0/U0/AXI_LITE_IPIF_I/I_SLAVE_ATTACHMENT/I_DECODER/cs_ce_clr                          |                1 |              4 |         4.00 |
|  capture_i/frontpanel_0/inst/okHI/okClk |                                                                                                            | capture_i/frontpanel_0/inst/okHI/core0/core0/a0/cb0/U0/inst_fifo_gen/gconvfifo.rf/grf.rf/srst_full_ff_i |                3 |              4 |         1.33 |
|  capture_i/clk_wiz_0/inst/clk_out1      | capture_i/axi_iic_0/U0/X_IIC/IIC_CONTROL_I/BITCNT/q_int[0]_i_1__1_n_0                                      | capture_i/axi_iic_0/U0/X_IIC/REG_INTERFACE_I/Q[0]                                                       |                1 |              4 |         4.00 |
|  capture_i/frontpanel_0/inst/okHI/okClk | capture_i/frontpanel_0/inst/okHI/core0/core0/a0/p_0_in0                                                    |                                                                                                         |                2 |              4 |         2.00 |
|  capture_i/frontpanel_0/inst/okHI/okClk | capture_i/frontpanel_0/inst/okHI/core0/core0/a0/l90ce46b343647bab4d280b5afc506219                          | capture_i/frontpanel_0/inst/okHI/core0/core0/a0/lc12c7095b9bc056c60880aeb6055afb1                       |                3 |              4 |         1.33 |
|  capture_i/clk_wiz_0/inst/clk_out1      | capture_i/axi_iic_0/U0/X_IIC/READ_FIFO_I/Rc_Data_Exists                                                    | capture_i/axi_iic_0/U0/X_IIC/X_AXI_IPIF_SSP1/X_SOFT_RESET/Bus2IIC_Reset                                 |                1 |              4 |         4.00 |
|  capture_i/frontpanel_0/inst/okHI/okClk |                                                                                                            | capture_i/frontpanel_0/inst/okHI/core0/core0/a0/l2898a1175ccdb12bfde6201ed8ccb06c                       |                2 |              4 |         2.00 |
|  capture_i/clk_wiz_0/inst/clk_out1      | capture_i/axi_iic_0/U0/X_IIC/WRITE_FIFO_CTRL_I/Data_Exists_DFF_0                                           | capture_i/axi_iic_0/U0/X_IIC/REG_INTERFACE_I/Tx_fifo_rst                                                |                1 |              4 |         4.00 |
|  capture_i/clk_wiz_0/inst/clk_out1      | capture_i/axi_iic_0/U0/X_IIC/WRITE_FIFO_CTRL_I/CI                                                          |                                                                                                         |                2 |              4 |         2.00 |
|  capture_i/clk_wiz_0/inst/clk_out1      |                                                                                                            | capture_i/proc_sys_reset_0/U0/EXT_LPF/lpf_int                                                           |                2 |              4 |         2.00 |
|  capture_i/clk_wiz_0/inst/clk_out1      | capture_i/axi_iic_0/U0/X_IIC/WRITE_FIFO_I/Tx_data_exists_sgl                                               | capture_i/axi_iic_0/U0/X_IIC/REG_INTERFACE_I/Tx_fifo_rst                                                |                1 |              4 |         4.00 |
|  capture_i/frontpanel_0/inst/okHI/okClk |                                                                                                            | capture_i/frontpanel_0/inst/okHI/core0/core0/a0/c0/l40d74558a9789e6c998b44ab9d6b8ab8_n_0                |                1 |              4 |         4.00 |
|  capture_i/clk_wiz_0/inst/clk_out1      | capture_i/axi_iic_0/U0/X_IIC/X_AXI_IPIF_SSP1/AXI_LITE_IPIF_I/I_SLAVE_ATTACHMENT/I_DECODER/Bus2IIC_WrCE[8]  | capture_i/axi_iic_0/U0/X_IIC/X_AXI_IPIF_SSP1/X_SOFT_RESET/Bus2IIC_Reset                                 |                2 |              4 |         2.00 |
|  capture_i/frontpanel_0/inst/okHI/okClk | capture_i/frontpanel_0/inst/okHI/core0/core0/FSM_sequential_l8ff940a6bfc33211f22a7ff95e39fe60[3]_i_1_n_0   |                                                                                                         |                4 |              4 |         1.00 |
|  capture_i/frontpanel_0/inst/okHI/okClk | capture_i/frontpanel_0/inst/okHI/core0/core0/lb6baf4ff3bf7fd83f0e79fbcb46cd849[3]_i_1_n_0                  |                                                                                                         |                1 |              4 |         4.00 |
|  capture_i/frontpanel_0/inst/okHI/okClk | capture_i/frontpanel_0/inst/okHI/core0/core0/FSM_sequential_l6d7b501652de6ba8ba55082874707b2a[4]_i_1_n_0   | capture_i/frontpanel_0/inst/okHI/mmcm0_locked                                                           |                4 |              5 |         1.25 |
|  capture_i/clk_wiz_0/inst/clk_out1      | capture_i/axi_iic_0/U0/X_IIC/X_AXI_IPIF_SSP1/AXI_LITE_IPIF_I/I_SLAVE_ATTACHMENT/I_DECODER/Bus2IIC_WrCE[11] | capture_i/axi_iic_0/U0/X_IIC/X_AXI_IPIF_SSP1/X_SOFT_RESET/Bus2IIC_Reset                                 |                4 |              5 |         1.25 |
|  capture_i/clk_wiz_0/inst/clk_out1      | capture_i/proc_sys_reset_0/U0/SEQ/seq_cnt_en                                                               | capture_i/proc_sys_reset_0/U0/SEQ/seq_clr                                                               |                1 |              6 |         6.00 |
|  capture_i/frontpanel_0/inst/okHI/okClk |                                                                                                            | capture_i/frontpanel_0/inst/okHI/core0/core0/a0/pc0/internal_reset                                      |                2 |              6 |         3.00 |
|  capture_i/clk_wiz_0/inst/clk_out1      |                                                                                                            | capture_i/axi_iic_0/U0/X_IIC/REG_INTERFACE_I/Tx_fifo_rst                                                |                3 |              6 |         2.00 |
|  capture_i/frontpanel_0/inst/okHI/okClk | capture_i/frontpanel_0/inst/ti40/eptrig[31]_i_1_n_0                                                        |                                                                                                         |                3 |              6 |         2.00 |
|  capture_i/clk_wiz_0/inst/clk_out1      | capture_i/axi_gpio_0/U0/AXI_LITE_IPIF_I/I_SLAVE_ATTACHMENT/s_axi_rresp_i                                   | capture_i/axi_gpio_0/U0/AXI_LITE_IPIF_I/I_SLAVE_ATTACHMENT/SR[0]                                        |                2 |              7 |         3.50 |
|  capture_i/frontpanel_0/inst/okHI/okClk | capture_i/frontpanel_0/inst/okHI/core0/core0/a0/d0/lfd4ae1d2a2f83cc540ba2af5c1891381                       | capture_i/frontpanel_0/inst/okHI/mmcm0_locked                                                           |                2 |              7 |         3.50 |
|  capture_i/clk_wiz_0/inst/clk_out1      |                                                                                                            | capture_i/axi_gpio_0/U0/AXI_LITE_IPIF_I/I_SLAVE_ATTACHMENT/I_DECODER/bus2ip_rnw_i_reg                   |                2 |              7 |         3.50 |
|  capture_i/clk_wiz_0/inst/clk_out1      | capture_i/axi_iic_0/U0/X_IIC/X_AXI_IPIF_SSP1/AXI_LITE_IPIF_I/I_SLAVE_ATTACHMENT/I_DECODER/Bus2IIC_WrCE[9]  | capture_i/axi_iic_0/U0/X_IIC/X_AXI_IPIF_SSP1/X_SOFT_RESET/Bus2IIC_Reset                                 |                2 |              7 |         3.50 |
|  capture_i/frontpanel_0/inst/okHI/okClk | capture_i/frontpanel_0/inst/okHI/core0/core0/l92ae5a5037b0cc87c9562f3e505d14cf[6]_i_2_n_0                  | capture_i/frontpanel_0/inst/okHI/core0/core0/l92ae5a5037b0cc87c9562f3e505d14cf[6]_i_1_n_0               |                2 |              7 |         3.50 |
|  capture_i/frontpanel_0/inst/okHI/okClk | capture_i/frontpanel_0/inst/okHI/core0/core0/l350d3a095faafcfcc80a82d9f84ae4e0[7]_i_1_n_0                  |                                                                                                         |                3 |              8 |         2.67 |
|  capture_i/clk_wiz_0/inst/clk_out1      | capture_i/fb_ahb_0/inst/rcnt                                                                               | capture_i/frontpanel_0/inst/ti40/ep_trigger[5]                                                          |                1 |              8 |         8.00 |
|  capture_i/clk_wiz_0/inst/clk_out1      | capture_i/axi_iic_0/U0/X_IIC/DYN_MASTER_I/rdByteCntr[0]_i_1_n_0                                            | capture_i/axi_iic_0/U0/X_IIC/REG_INTERFACE_I/Tx_fifo_rst                                                |                2 |              8 |         4.00 |
|  capture_i/clk_wiz_0/inst/clk_out1      | capture_i/axi_iic_0/U0/X_IIC/IIC_CONTROL_I/I2CDATA_REG/data_int[7]_i_1_n_0                                 | capture_i/axi_iic_0/U0/X_IIC/REG_INTERFACE_I/Q[0]                                                       |                2 |              8 |         4.00 |
|  capture_i/clk_wiz_0/inst/clk_out1      | capture_i/axi_iic_0/U0/X_IIC/IIC_CONTROL_I/data_i2c_i0                                                     | capture_i/axi_iic_0/U0/X_IIC/REG_INTERFACE_I/Q[0]                                                       |                3 |              8 |         2.67 |
|  capture_i/clk_wiz_0/inst/clk_out1      | capture_i/axi_iic_0/U0/X_IIC/IIC_CONTROL_I/i2c_header_en                                                   | capture_i/axi_iic_0/U0/X_IIC/REG_INTERFACE_I/Q[0]                                                       |                1 |              8 |         8.00 |
|  capture_i/clk_wiz_0/inst/clk_out1      | capture_i/axi_iic_0/U0/X_IIC/READ_FIFO_I/CI                                                                |                                                                                                         |                1 |              8 |         8.00 |
|  capture_i/clk_wiz_0/inst/clk_out1      | capture_i/axi_iic_0/U0/X_IIC/WRITE_FIFO_I/CI                                                               |                                                                                                         |                1 |              8 |         8.00 |
|  capture_i/clk_wiz_0/inst/clk_out1      | capture_i/axi_iic_0/U0/X_IIC/X_AXI_IPIF_SSP1/AXI_LITE_IPIF_I/I_SLAVE_ATTACHMENT/I_DECODER/E[0]             | capture_i/axi_iic_0/U0/X_IIC/X_AXI_IPIF_SSP1/X_SOFT_RESET/Bus2IIC_Reset                                 |                4 |              8 |         2.00 |
|  capture_i/frontpanel_0/inst/okHI/okClk | capture_i/frontpanel_0/inst/okHI/core0/core0/l99ec1ebd2d898e73a64819e166db6b96[7]_i_1_n_0                  |                                                                                                         |                2 |              8 |         4.00 |
|  capture_i/frontpanel_0/inst/okHI/okClk |                                                                                                            | capture_i/frontpanel_0/inst/okHI/core0/core0/a0/l770e51175fa898662b06f9e3b71c7bff[7]                    |                4 |              8 |         2.00 |
|  capture_i/frontpanel_0/inst/okHI/okClk | capture_i/frontpanel_0/inst/okHI/core0/core0/l885bbeb94996347da66a8546671e4990[15]_i_1_n_0                 |                                                                                                         |                1 |              8 |         8.00 |
|  capture_i/frontpanel_0/inst/okHI/okClk | capture_i/frontpanel_0/inst/okHI/core0/core0/l885bbeb94996347da66a8546671e4990[7]_i_1_n_0                  |                                                                                                         |                2 |              8 |         4.00 |
|  capture_i/frontpanel_0/inst/okHI/okClk | capture_i/frontpanel_0/inst/okHI/core0/core0/la3c64aadb28b65d3d578c9e403522ecb                             | capture_i/frontpanel_0/inst/okHI/mmcm0_locked                                                           |                3 |              8 |         2.67 |
|  capture_i/frontpanel_0/inst/okHI/okClk | capture_i/frontpanel_0/inst/okHI/core0/core0/l9f43dc9d3787a4c1395542a254aee157[7]_i_1_n_0                  |                                                                                                         |                3 |              8 |         2.67 |
|  capture_i/frontpanel_0/inst/okHI/okClk | capture_i/frontpanel_0/inst/okHI/core0/core0/lbe59f904be1e8440c2d6333521aaa29a[7]_i_1_n_0                  |                                                                                                         |                2 |              8 |         4.00 |
|  capture_i/frontpanel_0/inst/okHI/okClk | capture_i/frontpanel_0/inst/okHI/core0/core0/lbe9e64305a7a66df6a9cf6dc987a1803[7]_i_1_n_0                  |                                                                                                         |                3 |              8 |         2.67 |
|  capture_i/frontpanel_0/inst/okHI/okClk | capture_i/frontpanel_0/inst/okHI/core0/core0/a0/l37dbd1aafb403530c46407234a8f7286                          |                                                                                                         |                3 |              8 |         2.67 |
|  capture_i/clk_wiz_0/inst/clk_out1      |                                                                                                            | capture_i/proc_sys_reset_0/U0/peripheral_aresetn[0]                                                     |                3 |              9 |         3.00 |
|  capture_i/clk_wiz_0/inst/clk_out1      | capture_i/axi_iic_0/U0/X_IIC/X_AXI_IPIF_SSP1/AXI_LITE_IPIF_I/I_SLAVE_ATTACHMENT/I_DECODER/Bus2IIC_WrCE[0]  | capture_i/axi_iic_0/U0/X_IIC/X_AXI_IPIF_SSP1/X_SOFT_RESET/Bus2IIC_Reset                                 |                6 |             10 |         1.67 |
|  capture_i/clk_wiz_0/inst/clk_out1      | capture_i/axi_iic_0/U0/X_IIC/IIC_CONTROL_I/SETUP_CNT/q_int[0]_i_1_n_0                                      | capture_i/axi_iic_0/U0/X_IIC/REG_INTERFACE_I/Q[0]                                                       |                3 |             10 |         3.33 |
|  capture_i/clk_wiz_0/inst/clk_out1      | capture_i/axi_iic_0/U0/X_IIC/X_AXI_IPIF_SSP1/AXI_LITE_IPIF_I/I_SLAVE_ATTACHMENT/I_DECODER/Bus2IIC_WrCE[3]  | capture_i/axi_iic_0/U0/X_IIC/X_AXI_IPIF_SSP1/X_SOFT_RESET/Bus2IIC_Reset                                 |                4 |             10 |         2.50 |
|  capture_i/frontpanel_0/inst/okHI/okClk | capture_i/frontpanel_0/inst/okHI/core0/core0/l84a7b0e1b51dfdd46f041d49e77ce017[23]_i_2_n_0                 |                                                                                                         |                4 |             10 |         2.50 |
|  capture_i/clk_wiz_0/inst/clk_out1      | capture_i/axi_iic_0/U0/X_IIC/IIC_CONTROL_I/CLKCNT/q_int[0]_i_1__0_n_0                                      | capture_i/axi_iic_0/U0/X_IIC/REG_INTERFACE_I/Q[0]                                                       |                3 |             10 |         3.33 |
|  capture_i/clk_wiz_0/inst/clk_out1      | capture_i/axi_iic_0/U0/X_IIC/X_AXI_IPIF_SSP1/AXI_LITE_IPIF_I/I_SLAVE_ATTACHMENT/bus2ip_addr_i[8]_i_1_n_0   | capture_i/axi_iic_0/U0/X_IIC/X_AXI_IPIF_SSP1/AXI_LITE_IPIF_I/I_SLAVE_ATTACHMENT/rst                     |                2 |             10 |         5.00 |
|  capture_i/clk_wiz_0/inst/clk_out1      | capture_i/axi_iic_0/U0/X_IIC/X_AXI_IPIF_SSP1/AXI_LITE_IPIF_I/I_SLAVE_ATTACHMENT/I_DECODER/Bus2IIC_WrCE[7]  | capture_i/axi_iic_0/U0/X_IIC/X_AXI_IPIF_SSP1/X_SOFT_RESET/Bus2IIC_Reset                                 |                8 |             10 |         1.25 |
|  capture_i/clk_wiz_0/inst/clk_out1      |                                                                                                            | capture_i/axi_iic_0/U0/X_IIC/X_AXI_IPIF_SSP1/AXI_LITE_IPIF_I/I_SLAVE_ATTACHMENT/rst                     |                3 |             10 |         3.33 |
|  capture_i/clk_wiz_0/inst/clk_out1      | capture_i/axi_iic_0/U0/X_IIC/X_AXI_IPIF_SSP1/AXI_LITE_IPIF_I/I_SLAVE_ATTACHMENT/I_DECODER/Bus2IIC_WrCE[6]  | capture_i/axi_iic_0/U0/X_IIC/X_AXI_IPIF_SSP1/X_SOFT_RESET/Bus2IIC_Reset                                 |                2 |             10 |         5.00 |
|  capture_i/clk_wiz_0/inst/clk_out1      | capture_i/axi_iic_0/U0/X_IIC/X_AXI_IPIF_SSP1/AXI_LITE_IPIF_I/I_SLAVE_ATTACHMENT/I_DECODER/Bus2IIC_WrCE[5]  | capture_i/axi_iic_0/U0/X_IIC/X_AXI_IPIF_SSP1/X_SOFT_RESET/Bus2IIC_Reset                                 |                6 |             10 |         1.67 |
|  capture_i/clk_wiz_0/inst/clk_out1      | capture_i/axi_iic_0/U0/X_IIC/X_AXI_IPIF_SSP1/AXI_LITE_IPIF_I/I_SLAVE_ATTACHMENT/I_DECODER/Bus2IIC_WrCE[2]  | capture_i/axi_iic_0/U0/X_IIC/X_AXI_IPIF_SSP1/X_SOFT_RESET/Bus2IIC_Reset                                 |                5 |             10 |         2.00 |
|  capture_i/clk_wiz_0/inst/clk_out1      | capture_i/axi_iic_0/U0/X_IIC/X_AXI_IPIF_SSP1/AXI_LITE_IPIF_I/I_SLAVE_ATTACHMENT/I_DECODER/Bus2IIC_WrCE[4]  | capture_i/axi_iic_0/U0/X_IIC/X_AXI_IPIF_SSP1/X_SOFT_RESET/Bus2IIC_Reset                                 |                4 |             10 |         2.50 |
|  capture_i/clk_wiz_0/inst/clk_out1      | capture_i/axi_iic_0/U0/X_IIC/X_AXI_IPIF_SSP1/AXI_LITE_IPIF_I/I_SLAVE_ATTACHMENT/I_DECODER/Bus2IIC_WrCE[1]  | capture_i/axi_iic_0/U0/X_IIC/X_AXI_IPIF_SSP1/X_SOFT_RESET/Bus2IIC_Reset                                 |                3 |             10 |         3.33 |
|  capture_i/clk_wiz_0/inst/clk_out1      | capture_i/axi_iic_0/U0/X_IIC/IIC_CONTROL_I/FSM_onehot_scl_state[9]_i_2_n_0                                 | capture_i/axi_iic_0/U0/X_IIC/REG_INTERFACE_I/Q[0]                                                       |                6 |             10 |         1.67 |
|  capture_i/clk_wiz_0/inst/clk_out1      | capture_i/axi_gpio_0/U0/AXI_LITE_IPIF_I/I_SLAVE_ATTACHMENT/I_DECODER/E[0]                                  | capture_i/axi_gpio_0/U0/AXI_LITE_IPIF_I/I_SLAVE_ATTACHMENT/SR[0]                                        |                2 |             11 |         5.50 |
|  capture_i/clk_wiz_0/inst/clk_out1      |                                                                                                            | capture_i/axi_crossbar_0/inst/gen_sasd.crossbar_sasd_0/aresetn_d                                        |                5 |             11 |         2.20 |
|  capture_i/frontpanel_0/inst/okHI/okClk | capture_i/frontpanel_0/inst/wi01/ep_datahold[31]_i_1_n_0                                                   |                                                                                                         |                6 |             11 |         1.83 |
|  capture_i/frontpanel_0/inst/okHI/okClk | capture_i/frontpanel_0/inst/okHI/core0/core0/a0/pc0/WE                                                     | capture_i/frontpanel_0/inst/okHI/core0/core0/a0/pc0/internal_reset                                      |                2 |             12 |         6.00 |
|  capture_i/clk_wiz_0/inst/clk_out1      | capture_i/axi_iic_0/U0/X_IIC/X_AXI_IPIF_SSP1/AXI_LITE_IPIF_I/I_SLAVE_ATTACHMENT/s_axi_rresp_i              | capture_i/axi_iic_0/U0/X_IIC/X_AXI_IPIF_SSP1/AXI_LITE_IPIF_I/I_SLAVE_ATTACHMENT/rst                     |                6 |             12 |         2.00 |
|  capture_i/frontpanel_0/inst/okHI/okClk | capture_i/frontpanel_0/inst/okHI/mmcm0_locked                                                              |                                                                                                         |                5 |             12 |         2.40 |
|  capture_i/frontpanel_0/inst/okHI/okClk | capture_i/frontpanel_0/inst/okHI/core0/core0/a0/cb0/U0/inst_fifo_gen/gconvfifo.rf/grf.rf/ram_wr_en         | capture_i/frontpanel_0/inst/okHI/core0/core0/a0/cb0/U0/inst_fifo_gen/gconvfifo.rf/grf.rf/srst_full_ff_i |                2 |             12 |         6.00 |
|  capture_i/frontpanel_0/inst/okHI/okClk | capture_i/frontpanel_0/inst/okHI/core0/core0/a0/cb0/U0/inst_fifo_gen/gconvfifo.rf/grf.rf/ram_rd_en         | capture_i/frontpanel_0/inst/okHI/core0/core0/a0/cb0/U0/inst_fifo_gen/gconvfifo.rf/grf.rf/srst_full_ff_i |                2 |             12 |         6.00 |
|  capture_i/frontpanel_0/inst/okHI/okClk | capture_i/frontpanel_0/inst/okHI/core0/core0/l84a7b0e1b51dfdd46f041d49e77ce017[23]_i_2_n_0                 | capture_i/frontpanel_0/inst/okHI/core0/core0/l84a7b0e1b51dfdd46f041d49e77ce017[23]_i_1_n_0              |                3 |             14 |         4.67 |
|  capture_i/frontpanel_0/inst/okHI/okClk | capture_i/frontpanel_0/inst/okHI/core0/core0/a0/pc0/spm_enable                                             |                                                                                                         |                2 |             16 |         8.00 |
|  capture_i/frontpanel_0/inst/okHI/okClk | capture_i/frontpanel_0/inst/okHI/core0/core0/l436c8acfce09b790a2efb624a7c06514[15]_i_1_n_0                 |                                                                                                         |                7 |             16 |         2.29 |
|  capture_i/frontpanel_0/inst/okHI/okClk | capture_i/frontpanel_0/inst/okHI/core0/core0/a0/pc0/WE                                                     |                                                                                                         |                1 |             16 |        16.00 |
|  capture_i/frontpanel_0/inst/okHI/okClk | capture_i/frontpanel_0/inst/okHI/core0/core0/lfa89f4c19946cfeedd23723568de9e12[15]_i_1_n_0                 |                                                                                                         |                7 |             16 |         2.29 |
|  capture_i/frontpanel_0/inst/okHI/okClk | capture_i/frontpanel_0/inst/okHI/core0/core0/a0/pc0/register_enable                                        |                                                                                                         |                1 |             16 |        16.00 |
|  capture_i/frontpanel_0/inst/okHI/okClk | capture_i/frontpanel_0/inst/okHI/core0/core0/l4f8cd1ab062f5571ff66db47e3d281bf[19]_i_1_n_0                 | capture_i/frontpanel_0/inst/okHI/core0/core0/a0/lc12c7095b9bc056c60880aeb6055afb1                       |                4 |             21 |         5.25 |
|  capture_i/frontpanel_0/inst/okHI/okClk | capture_i/frontpanel_0/inst/okHI/mmcm0_locked                                                              | capture_i/frontpanel_0/inst/okHI/core0/core0/l6f2981c23c5f98e0d9d0e1d5acd3307d[31]_i_1_n_0              |                7 |             21 |         3.00 |
|  capture_i/clk_wiz_0/inst/clk_out1      |                                                                                                            | capture_i/axi_gpio_0/U0/AXI_LITE_IPIF_I/I_SLAVE_ATTACHMENT/SR[0]                                        |                5 |             21 |         4.20 |
|  capture_i/frontpanel_0/inst/okHI/okClk |                                                                                                            | capture_i/frontpanel_0/inst/okHI/mmcm0_locked                                                           |               10 |             23 |         2.30 |
|  capture_i/clk_wiz_0/inst/clk_out1      | capture_i/axi_iic_0/U0/X_IIC/X_AXI_IPIF_SSP1/AXI_LITE_IPIF_I/I_SLAVE_ATTACHMENT/start2                     | capture_i/axi_iic_0/U0/X_IIC/X_AXI_IPIF_SSP1/AXI_LITE_IPIF_I/I_SLAVE_ATTACHMENT/I_DECODER/cs_ce_clr     |                7 |             24 |         3.43 |
|  capture_i/clk_wiz_0/inst/clk_out1      | capture_i/axi_crossbar_0/inst/gen_sasd.crossbar_sasd_0/addr_arbiter_inst/p_0_in1_in                        | capture_i/axi_crossbar_0/inst/gen_sasd.crossbar_sasd_0/aresetn_d                                        |               12 |             29 |         2.42 |
|  capture_i/frontpanel_0/inst/okHI/okClk | capture_i/frontpanel_0/inst/wi00/ep_datahold[31]_i_1_n_0                                                   |                                                                                                         |               10 |             29 |         2.90 |
|  capture_i/frontpanel_0/inst/okHI/okClk | capture_i/frontpanel_0/inst/wi02/ep_datahold[31]_i_1_n_0                                                   |                                                                                                         |                8 |             29 |         3.62 |
|  capture_i/frontpanel_0/inst/okHI/okClk | capture_i/frontpanel_0/inst/okHI/core0/core0/lab8c81cec3709c0416d0acf79f37f087[31]_i_2_n_0                 | capture_i/frontpanel_0/inst/okHI/core0/core0/lab8c81cec3709c0416d0acf79f37f087[31]_i_1_n_0              |               10 |             30 |         3.00 |
|  capture_i/frontpanel_0/inst/okHI/okClk | capture_i/frontpanel_0/inst/okHI/core0/core0/l0881048b06017db25aafb0dba883beb2[31]_i_2_n_0                 | capture_i/frontpanel_0/inst/okHI/core0/core0/l0881048b06017db25aafb0dba883beb2[31]_i_1_n_0              |                4 |             31 |         7.75 |
|  capture_i/frontpanel_0/inst/okHI/okClk | capture_i/frontpanel_0/inst/okHI/core0/core0/la531863f270e103597e1d9609a1ccaa8[31]_i_2_n_0                 | capture_i/frontpanel_0/inst/okHI/core0/core0/la531863f270e103597e1d9609a1ccaa8[31]_i_1_n_0              |                5 |             32 |         6.40 |
|  capture_i/frontpanel_0/inst/okHI/okClk | capture_i/frontpanel_0/inst/okHI/core0/core0/le78b033d3a3b15350c4085b407bdacef[31]_i_1_n_0                 |                                                                                                         |               11 |             32 |         2.91 |
|  capture_i/frontpanel_0/inst/okHI/okClk | capture_i/frontpanel_0/inst/okHI/core0/core0/a0/le7badcf1256ff8aabbffe7a6a1b38b5f_reg_inv_n_0              | capture_i/frontpanel_0/inst/okHI/core0/core0/a0/lc12c7095b9bc056c60880aeb6055afb1                       |                4 |             32 |         8.00 |
|  capture_i/clk_wiz_0/inst/clk_out1      | capture_i/axi_crossbar_0/inst/gen_sasd.crossbar_sasd_0/addr_arbiter_inst/E[0]                              |                                                                                                         |               15 |             35 |         2.33 |
|  capture_i/clk_wiz_0/inst/clk_out1      |                                                                                                            | capture_i/axi_iic_0/U0/X_IIC/REG_INTERFACE_I/Q[0]                                                       |               14 |             41 |         2.93 |
|  capture_i/clk_wiz_0/inst/clk_out1      |                                                                                                            | capture_i/axi_iic_0/U0/X_IIC/X_AXI_IPIF_SSP1/X_SOFT_RESET/Bus2IIC_Reset                                 |               22 |             44 |         2.00 |
|  capture_i/frontpanel_0/inst/okHI/okClk | capture_i/frontpanel_0/inst/okHI/core0/core0/le5e2e6110dd7478b8ed0143f21b04d30[95]_i_1_n_0                 | capture_i/frontpanel_0/inst/okHI/mmcm0_locked                                                           |               19 |             94 |         4.95 |
|  capture_i/frontpanel_0/inst/okHI/okClk | capture_i/frontpanel_0/inst/okHI/core0/core0/la3961964bfb74e16d8f10c3007437f68[44]                         |                                                                                                         |               41 |            110 |         2.68 |
|  capture_i/clk_wiz_0/inst/clk_out1      |                                                                                                            |                                                                                                         |               41 |            116 |         2.83 |
|  capture_i/frontpanel_0/inst/okHI/okClk |                                                                                                            |                                                                                                         |               66 |            158 |         2.39 |
+-----------------------------------------+------------------------------------------------------------------------------------------------------------+---------------------------------------------------------------------------------------------------------+------------------+----------------+--------------+


