Copyright 1986-2022 Xilinx, Inc. All Rights Reserved. Copyright 2022-2023 Advanced Micro Devices, Inc. All Rights Reserved.
---------------------------------------------------------------------------------------------------------------------------------------------
| Tool Version : Vivado v.2023.2 (win64) Build 4029153 Fri Oct 13 20:14:34 MDT 2023
| Date         : Sat Nov 11 15:41:11 2023
| Host         : LAPTOP-FEFLDCST running 64-bit major release  (build 9200)
| Command      : report_utilization -file capture_wrapper_utilization_placed.rpt -pb capture_wrapper_utilization_placed.pb
| Design       : capture_wrapper
| Device       : xcau25p-ffvb676-2-e
| Speed File   : -2
| Design State : Fully Placed
---------------------------------------------------------------------------------------------------------------------------------------------

Utilization Design Information

Table of Contents
-----------------
1. CLB Logic
1.1 Summary of Registers by Type
2. CLB Logic Distribution
3. BLOCKRAM
4. ARITHMETIC
5. I/O
6. CLOCK
7. ADVANCED
8. CONFIGURATION
9. Primitives
10. Black Boxes
11. Instantiated Netlists

1. CLB Logic
------------

+----------------------------+------+-------+------------+-----------+-------+
|          Site Type         | Used | Fixed | Prohibited | Available | Util% |
+----------------------------+------+-------+------------+-----------+-------+
| CLB LUTs                   | 1264 |     0 |          0 |    141000 |  0.90 |
|   LUT as Logic             | 1213 |     0 |          0 |    141000 |  0.86 |
|   LUT as Memory            |   51 |     0 |          0 |     99840 |  0.05 |
|     LUT as Distributed RAM |   32 |     0 |            |           |       |
|     LUT as Shift Register  |   19 |     0 |            |           |       |
| CLB Registers              | 1553 |    32 |          0 |    282000 |  0.55 |
|   Register as Flip Flop    | 1553 |    32 |          0 |    282000 |  0.55 |
|   Register as Latch        |    0 |     0 |          0 |    282000 |  0.00 |
| CARRY8                     |   27 |     0 |          0 |     27120 |  0.10 |
| F7 Muxes                   |   17 |     0 |          0 |    108480 |  0.02 |
| F8 Muxes                   |    4 |     0 |          0 |     54240 | <0.01 |
| F9 Muxes                   |    0 |     0 |          0 |     27120 |  0.00 |
+----------------------------+------+-------+------------+-----------+-------+
* Warning! LUT value is adjusted to account for LUT combining.


1.1 Summary of Registers by Type
--------------------------------

+-------+--------------+-------------+--------------+
| Total | Clock Enable | Synchronous | Asynchronous |
+-------+--------------+-------------+--------------+
| 0     |            _ |           - |            - |
| 0     |            _ |           - |          Set |
| 0     |            _ |           - |        Reset |
| 0     |            _ |         Set |            - |
| 0     |            _ |       Reset |            - |
| 0     |          Yes |           - |            - |
| 26    |          Yes |           - |          Set |
| 191   |          Yes |           - |        Reset |
| 84    |          Yes |         Set |            - |
| 1322  |          Yes |       Reset |            - |
+-------+--------------+-------------+--------------+


2. CLB Logic Distribution
-------------------------

+--------------------------------------------+------+-------+------------+-----------+-------+
|                  Site Type                 | Used | Fixed | Prohibited | Available | Util% |
+--------------------------------------------+------+-------+------------+-----------+-------+
| CLB                                        |  327 |     0 |          0 |     27120 |  1.21 |
|   CLBL                                     |  195 |     0 |            |           |       |
|   CLBM                                     |  132 |     0 |            |           |       |
| LUT as Logic                               | 1213 |     0 |          0 |    141000 |  0.86 |
|   using O5 output only                     |   50 |       |            |           |       |
|   using O6 output only                     |  882 |       |            |           |       |
|   using O5 and O6                          |  281 |       |            |           |       |
| LUT as Memory                              |   51 |     0 |          0 |     99840 |  0.05 |
|   LUT as Distributed RAM                   |   32 |     0 |            |           |       |
|     using O5 output only                   |    0 |       |            |           |       |
|     using O6 output only                   |   16 |       |            |           |       |
|     using O5 and O6                        |   16 |       |            |           |       |
|   LUT as Shift Register                    |   19 |     0 |            |           |       |
|     using O5 output only                   |    0 |       |            |           |       |
|     using O6 output only                   |   19 |       |            |           |       |
|     using O5 and O6                        |    0 |       |            |           |       |
| CLB Registers                              | 1553 |     0 |          0 |    282000 |  0.55 |
|   Register driven from within the CLB      |  816 |       |            |           |       |
|   Register driven from outside the CLB     |  737 |       |            |           |       |
|     LUT in front of the register is unused |  551 |       |            |           |       |
|     LUT in front of the register is used   |  186 |       |            |           |       |
| Unique Control Sets                        |  116 |       |          0 |     54240 |  0.21 |
+--------------------------------------------+------+-------+------------+-----------+-------+
* * Note: Available Control Sets calculated as Slices * 2, Review the Control Sets Report for more information regarding control sets.


3. BLOCKRAM
-----------

+-------------------+------+-------+------------+-----------+-------+
|     Site Type     | Used | Fixed | Prohibited | Available | Util% |
+-------------------+------+-------+------------+-----------+-------+
| Block RAM Tile    |    2 |     0 |          0 |       300 |  0.67 |
|   RAMB36/FIFO*    |    1 |     0 |          0 |       300 |  0.33 |
|     RAMB36E2 only |    1 |       |            |           |       |
|   RAMB18          |    2 |     0 |          0 |       600 |  0.33 |
|     RAMB18E2 only |    2 |       |            |           |       |
+-------------------+------+-------+------------+-----------+-------+
* Note: Each Block RAM Tile only has one FIFO logic available and therefore can accommodate only one FIFO36E2 or one FIFO18E2. However, if a FIFO18E2 occupies a Block RAM Tile, that tile can still accommodate a RAMB18E2


4. ARITHMETIC
-------------

+-----------+------+-------+------------+-----------+-------+
| Site Type | Used | Fixed | Prohibited | Available | Util% |
+-----------+------+-------+------------+-----------+-------+
| DSPs      |    0 |     0 |          0 |      1200 |  0.00 |
+-----------+------+-------+------------+-----------+-------+


5. I/O
------

+------------------+------+-------+------------+-----------+-------+
|     Site Type    | Used | Fixed | Prohibited | Available | Util% |
+------------------+------+-------+------------+-----------+-------+
| Bonded IOB       |   52 |    52 |          0 |       280 | 18.57 |
| HPIOB_M          |   22 |    22 |          0 |        96 | 22.92 |
|   INPUT          |    3 |       |            |           |       |
|   OUTPUT         |    2 |       |            |           |       |
|   BIDIR          |   17 |       |            |           |       |
| HPIOB_S          |   21 |    21 |          0 |        96 | 21.88 |
|   INPUT          |    4 |       |            |           |       |
|   OUTPUT         |    2 |       |            |           |       |
|   BIDIR          |   15 |       |            |           |       |
| HDIOB_M          |    0 |     0 |          0 |        36 |  0.00 |
| HDIOB_S          |    0 |     0 |          0 |        36 |  0.00 |
| HPIOB_SNGL       |    9 |     9 |          0 |        16 | 56.25 |
|   INPUT          |    0 |       |            |           |       |
|   OUTPUT         |    6 |       |            |           |       |
|   BIDIR          |    3 |       |            |           |       |
| HPIOBDIFFINBUF   |    1 |     1 |          0 |        96 |  1.04 |
|   DIFFINBUF      |    1 |     1 |            |           |       |
| HPIOBDIFFOUTBUF  |    0 |     0 |          0 |        96 |  0.00 |
| HDIOBDIFFINBUF   |    0 |     0 |          0 |        48 |  0.00 |
| BITSLICE_CONTROL |    0 |     0 |          0 |        32 |  0.00 |
| BITSLICE_RX_TX   |   70 |    70 |          0 |      1248 |  5.61 |
| BITSLICE_TX      |    0 |     0 |          0 |        32 |  0.00 |
| RIU_OR           |    0 |     0 |          0 |        16 |  0.00 |
+------------------+------+-------+------------+-----------+-------+


6. CLOCK
--------

+----------------------+------+-------+------------+-----------+-------+
|       Site Type      | Used | Fixed | Prohibited | Available | Util% |
+----------------------+------+-------+------------+-----------+-------+
| GLOBAL CLOCK BUFFERs |    3 |     0 |          0 |       256 |  1.17 |
|   BUFGCE             |    2 |     0 |          0 |       112 |  1.79 |
|   BUFGCE_DIV         |    1 |     0 |          0 |        16 |  6.25 |
|   BUFG_GT            |    0 |     0 |          0 |        96 |  0.00 |
|   BUFGCTRL*          |    0 |     0 |          0 |        32 |  0.00 |
| PLL                  |    0 |     0 |          0 |         8 |  0.00 |
| MMCM                 |    1 |     0 |          0 |         4 | 25.00 |
+----------------------+------+-------+------------+-----------+-------+
* Note: Each used BUFGCTRL counts as two GLOBAL CLOCK BUFFERs. This table does not include global clocking resources, only buffer cell usage. See the Clock Utilization Report (report_clock_utilization) for detailed accounting of global clocking resource availability.


7. ADVANCED
-----------

+-----------------+------+-------+------------+-----------+-------+
|    Site Type    | Used | Fixed | Prohibited | Available | Util% |
+-----------------+------+-------+------------+-----------+-------+
| GTYE4_CHANNEL   |    0 |     0 |          0 |        12 |  0.00 |
| GTYE4_COMMON    |    0 |     0 |          0 |         3 |  0.00 |
| OBUFDS_GTE4     |    0 |     0 |          0 |         6 |  0.00 |
| OBUFDS_GTE4_ADV |    0 |     0 |          0 |         6 |  0.00 |
| PCIE40E4        |    0 |     0 |          0 |         1 |  0.00 |
| SYSMONE4        |    0 |     0 |          0 |         1 |  0.00 |
+-----------------+------+-------+------------+-----------+-------+


8. CONFIGURATION
----------------

+-------------+------+-------+------------+-----------+--------+
|  Site Type  | Used | Fixed | Prohibited | Available |  Util% |
+-------------+------+-------+------------+-----------+--------+
| BSCANE2     |    0 |     0 |          0 |         4 |   0.00 |
| DNA_PORTE2  |    1 |     0 |          0 |         1 | 100.00 |
| EFUSE_USR   |    0 |     0 |          0 |         1 |   0.00 |
| FRAME_ECCE4 |    0 |     0 |          0 |         1 |   0.00 |
| ICAPE3      |    0 |     0 |          0 |         2 |   0.00 |
| MASTER_JTAG |    0 |     0 |          0 |         1 |   0.00 |
| STARTUPE3   |    0 |     0 |          0 |         1 |   0.00 |
+-------------+------+-------+------------+-----------+--------+


9. Primitives
-------------

+------------+------+---------------------+
|  Ref Name  | Used | Functional Category |
+------------+------+---------------------+
| FDRE       | 1322 |            Register |
| LUT6       |  518 |                 CLB |
| LUT5       |  362 |                 CLB |
| LUT4       |  289 |                 CLB |
| FDCE       |  191 |            Register |
| LUT2       |  154 |                 CLB |
| LUT3       |  118 |                 CLB |
| FDSE       |   84 |            Register |
| LUT1       |   53 |                 CLB |
| IBUFCTRL   |   41 |              Others |
| INBUF      |   40 |                 I/O |
| OBUFT      |   35 |                 I/O |
| CARRY8     |   27 |                 CLB |
| FDPE       |   26 |            Register |
| RAMD32     |   24 |                 CLB |
| SRL16E     |   19 |                 CLB |
| MUXF7      |   17 |                 CLB |
| RAMS64E    |   16 |                 CLB |
| OBUF       |   10 |                 I/O |
| RAMS32     |    8 |                 CLB |
| MUXF8      |    4 |                 CLB |
| RAMB18E2   |    2 |            BLOCKRAM |
| BUFGCE     |    2 |               Clock |
| RAMB36E2   |    1 |            BLOCKRAM |
| MMCME4_ADV |    1 |               Clock |
| DNA_PORTE2 |    1 |       Configuration |
| DIFFINBUF  |    1 |                 I/O |
| BUFGCE_DIV |    1 |               Clock |
+------------+------+---------------------+


10. Black Boxes
---------------

+----------+------+
| Ref Name | Used |
+----------+------+


11. Instantiated Netlists
-------------------------

+----------------------------+------+
|          Ref Name          | Used |
+----------------------------+------+
| okWireOut                  |    4 |
| okWireIn                   |    3 |
| okTriggerIn                |    1 |
| okCoreHarness              |    1 |
| okCore                     |    1 |
| fifo_generator_v13_2_5     |    1 |
| capture_proc_sys_reset_0_1 |    1 |
| capture_leds_0_0           |    1 |
| capture_frontpanel_0_0     |    1 |
| capture_fb_ahb_0_4         |    1 |
| capture_clk_wiz_0_0        |    1 |
| capture_axi_iic_0_0        |    1 |
| capture_axi_gpio_0_0       |    1 |
| capture_axi_crossbar_0_0   |    1 |
+----------------------------+------+


